Time resolution is 1 ps
WARNING: tb_mesh_row.uut.cpu_0_0.alu.DW_div_d_0.DWF_div_uns: Division by zero
WARNING: tb_mesh_row.uut.cpu_0_0.alu.DW_div_d_0.DWF_mod_uns: Division by zero
WARNING: tb_mesh_row.uut.cpu_1_0.alu.DW_div_d_0.DWF_div_uns: Division by zero
WARNING: tb_mesh_row.uut.cpu_1_0.alu.DW_div_d_0.DWF_mod_uns: Division by zero
WARNING: tb_mesh_row.uut.cpu_2_0.alu.DW_div_d_0.DWF_div_uns: Division by zero
WARNING: tb_mesh_row.uut.cpu_2_0.alu.DW_div_d_0.DWF_mod_uns: Division by zero
WARNING: tb_mesh_row.uut.cpu_3_0.alu.DW_div_d_0.DWF_div_uns: Division by zero
WARNING: tb_mesh_row.uut.cpu_3_0.alu.DW_div_d_0.DWF_mod_uns: Division by zero
WARNING: tb_mesh_row.uut.cpu_0_0.alu.DW_div_w_1.DWF_div_uns: Division by zero
WARNING: tb_mesh_row.uut.cpu_0_0.alu.DW_div_w_1.DWF_mod_uns: Division by zero
WARNING: tb_mesh_row.uut.cpu_0_0.alu.DW_div_h_3.DWF_div_uns: Division by zero
WARNING: tb_mesh_row.uut.cpu_0_0.alu.DW_div_h_3.DWF_mod_uns: Division by zero
WARNING: tb_mesh_row.uut.cpu_0_0.alu.DW_div_b_7.DWF_div_uns: Division by zero
WARNING: tb_mesh_row.uut.cpu_0_0.alu.DW_div_b_7.DWF_mod_uns: Division by zero
WARNING: tb_mesh_row.uut.cpu_0_0.alu.DW_div_b_6.DWF_div_uns: Division by zero
WARNING: tb_mesh_row.uut.cpu_0_0.alu.DW_div_b_6.DWF_mod_uns: Division by zero
WARNING: tb_mesh_row.uut.cpu_0_0.alu.DW_div_h_2.DWF_div_uns: Division by zero
WARNING: tb_mesh_row.uut.cpu_0_0.alu.DW_div_h_2.DWF_mod_uns: Division by zero
WARNING: tb_mesh_row.uut.cpu_0_0.alu.DW_div_b_5.DWF_div_uns: Division by zero
WARNING: tb_mesh_row.uut.cpu_0_0.alu.DW_div_b_5.DWF_mod_uns: Division by zero
WARNING: tb_mesh_row.uut.cpu_0_0.alu.DW_div_b_4.DWF_div_uns: Division by zero
WARNING: tb_mesh_row.uut.cpu_0_0.alu.DW_div_b_4.DWF_mod_uns: Division by zero
WARNING: tb_mesh_row.uut.cpu_0_0.alu.DW_div_w_0.DWF_div_uns: Division by zero
WARNING: tb_mesh_row.uut.cpu_0_0.alu.DW_div_w_0.DWF_mod_uns: Division by zero
WARNING: tb_mesh_row.uut.cpu_0_0.alu.DW_div_h_1.DWF_div_uns: Division by zero
WARNING: tb_mesh_row.uut.cpu_0_0.alu.DW_div_h_1.DWF_mod_uns: Division by zero
WARNING: tb_mesh_row.uut.cpu_0_0.alu.DW_div_b_3.DWF_div_uns: Division by zero
WARNING: tb_mesh_row.uut.cpu_0_0.alu.DW_div_b_3.DWF_mod_uns: Division by zero
WARNING: tb_mesh_row.uut.cpu_0_0.alu.DW_div_b_2.DWF_div_uns: Division by zero
WARNING: tb_mesh_row.uut.cpu_0_0.alu.DW_div_b_2.DWF_mod_uns: Division by zero
WARNING: tb_mesh_row.uut.cpu_0_0.alu.DW_div_h_0.DWF_div_uns: Division by zero
WARNING: tb_mesh_row.uut.cpu_0_0.alu.DW_div_h_0.DWF_mod_uns: Division by zero
WARNING: tb_mesh_row.uut.cpu_0_0.alu.DW_div_b_1.DWF_div_uns: Division by zero
WARNING: tb_mesh_row.uut.cpu_0_0.alu.DW_div_b_1.DWF_mod_uns: Division by zero
WARNING: tb_mesh_row.uut.cpu_0_0.alu.DW_div_b_0.DWF_div_uns: Division by zero
WARNING: tb_mesh_row.uut.cpu_0_0.alu.DW_div_b_0.DWF_mod_uns: Division by zero
WARNING: tb_mesh_row.uut.cpu_1_0.alu.DW_div_w_1.DWF_div_uns: Division by zero
WARNING: tb_mesh_row.uut.cpu_1_0.alu.DW_div_w_1.DWF_mod_uns: Division by zero
WARNING: tb_mesh_row.uut.cpu_1_0.alu.DW_div_h_3.DWF_div_uns: Division by zero
WARNING: tb_mesh_row.uut.cpu_1_0.alu.DW_div_h_3.DWF_mod_uns: Division by zero
WARNING: tb_mesh_row.uut.cpu_1_0.alu.DW_div_b_7.DWF_div_uns: Division by zero
WARNING: tb_mesh_row.uut.cpu_1_0.alu.DW_div_b_7.DWF_mod_uns: Division by zero
WARNING: tb_mesh_row.uut.cpu_1_0.alu.DW_div_b_6.DWF_div_uns: Division by zero
WARNING: tb_mesh_row.uut.cpu_1_0.alu.DW_div_b_6.DWF_mod_uns: Division by zero
WARNING: tb_mesh_row.uut.cpu_1_0.alu.DW_div_h_2.DWF_div_uns: Division by zero
WARNING: tb_mesh_row.uut.cpu_1_0.alu.DW_div_h_2.DWF_mod_uns: Division by zero
WARNING: tb_mesh_row.uut.cpu_1_0.alu.DW_div_b_5.DWF_div_uns: Division by zero
WARNING: tb_mesh_row.uut.cpu_1_0.alu.DW_div_b_5.DWF_mod_uns: Division by zero
WARNING: tb_mesh_row.uut.cpu_1_0.alu.DW_div_b_4.DWF_div_uns: Division by zero
WARNING: tb_mesh_row.uut.cpu_1_0.alu.DW_div_b_4.DWF_mod_uns: Division by zero
WARNING: tb_mesh_row.uut.cpu_1_0.alu.DW_div_w_0.DWF_div_uns: Division by zero
WARNING: tb_mesh_row.uut.cpu_1_0.alu.DW_div_w_0.DWF_mod_uns: Division by zero
WARNING: tb_mesh_row.uut.cpu_1_0.alu.DW_div_h_1.DWF_div_uns: Division by zero
WARNING: tb_mesh_row.uut.cpu_1_0.alu.DW_div_h_1.DWF_mod_uns: Division by zero
WARNING: tb_mesh_row.uut.cpu_1_0.alu.DW_div_b_3.DWF_div_uns: Division by zero
WARNING: tb_mesh_row.uut.cpu_1_0.alu.DW_div_b_3.DWF_mod_uns: Division by zero
WARNING: tb_mesh_row.uut.cpu_1_0.alu.DW_div_b_2.DWF_div_uns: Division by zero
WARNING: tb_mesh_row.uut.cpu_1_0.alu.DW_div_b_2.DWF_mod_uns: Division by zero
WARNING: tb_mesh_row.uut.cpu_1_0.alu.DW_div_h_0.DWF_div_uns: Division by zero
WARNING: tb_mesh_row.uut.cpu_1_0.alu.DW_div_h_0.DWF_mod_uns: Division by zero
WARNING: tb_mesh_row.uut.cpu_1_0.alu.DW_div_b_1.DWF_div_uns: Division by zero
WARNING: tb_mesh_row.uut.cpu_1_0.alu.DW_div_b_1.DWF_mod_uns: Division by zero
WARNING: tb_mesh_row.uut.cpu_1_0.alu.DW_div_b_0.DWF_div_uns: Division by zero
WARNING: tb_mesh_row.uut.cpu_1_0.alu.DW_div_b_0.DWF_mod_uns: Division by zero
WARNING: tb_mesh_row.uut.cpu_2_0.alu.DW_div_w_1.DWF_div_uns: Division by zero
WARNING: tb_mesh_row.uut.cpu_2_0.alu.DW_div_w_1.DWF_mod_uns: Division by zero
WARNING: tb_mesh_row.uut.cpu_2_0.alu.DW_div_h_3.DWF_div_uns: Division by zero
WARNING: tb_mesh_row.uut.cpu_2_0.alu.DW_div_h_3.DWF_mod_uns: Division by zero
WARNING: tb_mesh_row.uut.cpu_2_0.alu.DW_div_b_7.DWF_div_uns: Division by zero
WARNING: tb_mesh_row.uut.cpu_2_0.alu.DW_div_b_7.DWF_mod_uns: Division by zero
WARNING: tb_mesh_row.uut.cpu_2_0.alu.DW_div_b_6.DWF_div_uns: Division by zero
WARNING: tb_mesh_row.uut.cpu_2_0.alu.DW_div_b_6.DWF_mod_uns: Division by zero
WARNING: tb_mesh_row.uut.cpu_2_0.alu.DW_div_h_2.DWF_div_uns: Division by zero
WARNING: tb_mesh_row.uut.cpu_2_0.alu.DW_div_h_2.DWF_mod_uns: Division by zero
WARNING: tb_mesh_row.uut.cpu_2_0.alu.DW_div_b_5.DWF_div_uns: Division by zero
WARNING: tb_mesh_row.uut.cpu_2_0.alu.DW_div_b_5.DWF_mod_uns: Division by zero
WARNING: tb_mesh_row.uut.cpu_2_0.alu.DW_div_b_4.DWF_div_uns: Division by zero
WARNING: tb_mesh_row.uut.cpu_2_0.alu.DW_div_b_4.DWF_mod_uns: Division by zero
WARNING: tb_mesh_row.uut.cpu_2_0.alu.DW_div_w_0.DWF_div_uns: Division by zero
WARNING: tb_mesh_row.uut.cpu_2_0.alu.DW_div_w_0.DWF_mod_uns: Division by zero
WARNING: tb_mesh_row.uut.cpu_2_0.alu.DW_div_h_1.DWF_div_uns: Division by zero
WARNING: tb_mesh_row.uut.cpu_2_0.alu.DW_div_h_1.DWF_mod_uns: Division by zero
WARNING: tb_mesh_row.uut.cpu_2_0.alu.DW_div_b_3.DWF_div_uns: Division by zero
WARNING: tb_mesh_row.uut.cpu_2_0.alu.DW_div_b_3.DWF_mod_uns: Division by zero
WARNING: tb_mesh_row.uut.cpu_2_0.alu.DW_div_b_2.DWF_div_uns: Division by zero
WARNING: tb_mesh_row.uut.cpu_2_0.alu.DW_div_b_2.DWF_mod_uns: Division by zero
WARNING: tb_mesh_row.uut.cpu_2_0.alu.DW_div_h_0.DWF_div_uns: Division by zero
WARNING: tb_mesh_row.uut.cpu_2_0.alu.DW_div_h_0.DWF_mod_uns: Division by zero
WARNING: tb_mesh_row.uut.cpu_2_0.alu.DW_div_b_1.DWF_div_uns: Division by zero
WARNING: tb_mesh_row.uut.cpu_2_0.alu.DW_div_b_1.DWF_mod_uns: Division by zero
WARNING: tb_mesh_row.uut.cpu_2_0.alu.DW_div_b_0.DWF_div_uns: Division by zero
WARNING: tb_mesh_row.uut.cpu_2_0.alu.DW_div_b_0.DWF_mod_uns: Division by zero
WARNING: tb_mesh_row.uut.cpu_3_0.alu.DW_div_w_1.DWF_div_uns: Division by zero
WARNING: tb_mesh_row.uut.cpu_3_0.alu.DW_div_w_1.DWF_mod_uns: Division by zero
WARNING: tb_mesh_row.uut.cpu_3_0.alu.DW_div_h_3.DWF_div_uns: Division by zero
WARNING: tb_mesh_row.uut.cpu_3_0.alu.DW_div_h_3.DWF_mod_uns: Division by zero
WARNING: tb_mesh_row.uut.cpu_3_0.alu.DW_div_b_7.DWF_div_uns: Division by zero
WARNING: tb_mesh_row.uut.cpu_3_0.alu.DW_div_b_7.DWF_mod_uns: Division by zero
WARNING: tb_mesh_row.uut.cpu_3_0.alu.DW_div_b_6.DWF_div_uns: Division by zero
WARNING: tb_mesh_row.uut.cpu_3_0.alu.DW_div_b_6.DWF_mod_uns: Division by zero
WARNING: tb_mesh_row.uut.cpu_3_0.alu.DW_div_h_2.DWF_div_uns: Division by zero
WARNING: tb_mesh_row.uut.cpu_3_0.alu.DW_div_h_2.DWF_mod_uns: Division by zero
WARNING: tb_mesh_row.uut.cpu_3_0.alu.DW_div_b_5.DWF_div_uns: Division by zero
WARNING: tb_mesh_row.uut.cpu_3_0.alu.DW_div_b_5.DWF_mod_uns: Division by zero
WARNING: tb_mesh_row.uut.cpu_3_0.alu.DW_div_b_4.DWF_div_uns: Division by zero
WARNING: tb_mesh_row.uut.cpu_3_0.alu.DW_div_b_4.DWF_mod_uns: Division by zero
WARNING: tb_mesh_row.uut.cpu_3_0.alu.DW_div_w_0.DWF_div_uns: Division by zero
WARNING: tb_mesh_row.uut.cpu_3_0.alu.DW_div_w_0.DWF_mod_uns: Division by zero
WARNING: tb_mesh_row.uut.cpu_3_0.alu.DW_div_h_1.DWF_div_uns: Division by zero
WARNING: tb_mesh_row.uut.cpu_3_0.alu.DW_div_h_1.DWF_mod_uns: Division by zero
WARNING: tb_mesh_row.uut.cpu_3_0.alu.DW_div_b_3.DWF_div_uns: Division by zero
WARNING: tb_mesh_row.uut.cpu_3_0.alu.DW_div_b_3.DWF_mod_uns: Division by zero
WARNING: tb_mesh_row.uut.cpu_3_0.alu.DW_div_b_2.DWF_div_uns: Division by zero
WARNING: tb_mesh_row.uut.cpu_3_0.alu.DW_div_b_2.DWF_mod_uns: Division by zero
WARNING: tb_mesh_row.uut.cpu_3_0.alu.DW_div_h_0.DWF_div_uns: Division by zero
WARNING: tb_mesh_row.uut.cpu_3_0.alu.DW_div_h_0.DWF_mod_uns: Division by zero
WARNING: tb_mesh_row.uut.cpu_3_0.alu.DW_div_b_1.DWF_div_uns: Division by zero
WARNING: tb_mesh_row.uut.cpu_3_0.alu.DW_div_b_1.DWF_mod_uns: Division by zero
WARNING: tb_mesh_row.uut.cpu_3_0.alu.DW_div_b_0.DWF_div_uns: Division by zero
WARNING: tb_mesh_row.uut.cpu_3_0.alu.DW_div_b_0.DWF_mod_uns: Division by zero
WARNING: tb_mesh_row.uut.cpu_0_0.alu.DW_div_d_0.DWF_div_uns: Division by zero
WARNING: tb_mesh_row.uut.cpu_0_0.alu.DW_div_d_0.DWF_mod_uns: Division by zero
WARNING: tb_mesh_row.uut.cpu_0_0.alu.DW_div_w_1.DWF_div_uns: Division by zero
WARNING: tb_mesh_row.uut.cpu_0_0.alu.DW_div_w_1.DWF_mod_uns: Division by zero
WARNING: tb_mesh_row.uut.cpu_0_0.alu.DW_div_h_3.DWF_div_uns: Division by zero
WARNING: tb_mesh_row.uut.cpu_0_0.alu.DW_div_h_3.DWF_mod_uns: Division by zero
WARNING: tb_mesh_row.uut.cpu_0_0.alu.DW_div_b_7.DWF_div_uns: Division by zero
WARNING: tb_mesh_row.uut.cpu_0_0.alu.DW_div_b_7.DWF_mod_uns: Division by zero
WARNING: tb_mesh_row.uut.cpu_0_0.alu.DW_div_b_6.DWF_div_uns: Division by zero
WARNING: tb_mesh_row.uut.cpu_0_0.alu.DW_div_b_6.DWF_mod_uns: Division by zero
WARNING: tb_mesh_row.uut.cpu_0_0.alu.DW_div_h_2.DWF_div_uns: Division by zero
WARNING: tb_mesh_row.uut.cpu_0_0.alu.DW_div_h_2.DWF_mod_uns: Division by zero
WARNING: tb_mesh_row.uut.cpu_0_0.alu.DW_div_b_5.DWF_div_uns: Division by zero
WARNING: tb_mesh_row.uut.cpu_0_0.alu.DW_div_b_5.DWF_mod_uns: Division by zero
WARNING: tb_mesh_row.uut.cpu_0_0.alu.DW_div_b_4.DWF_div_uns: Division by zero
WARNING: tb_mesh_row.uut.cpu_0_0.alu.DW_div_b_4.DWF_mod_uns: Division by zero
WARNING: tb_mesh_row.uut.cpu_0_0.alu.DW_div_w_0.DWF_div_uns: Division by zero
WARNING: tb_mesh_row.uut.cpu_0_0.alu.DW_div_w_0.DWF_mod_uns: Division by zero
WARNING: tb_mesh_row.uut.cpu_0_0.alu.DW_div_h_1.DWF_div_uns: Division by zero
WARNING: tb_mesh_row.uut.cpu_0_0.alu.DW_div_h_1.DWF_mod_uns: Division by zero
WARNING: tb_mesh_row.uut.cpu_0_0.alu.DW_div_b_3.DWF_div_uns: Division by zero
WARNING: tb_mesh_row.uut.cpu_0_0.alu.DW_div_b_3.DWF_mod_uns: Division by zero
WARNING: tb_mesh_row.uut.cpu_0_0.alu.DW_div_h_0.DWF_div_uns: Division by zero
WARNING: tb_mesh_row.uut.cpu_0_0.alu.DW_div_h_0.DWF_mod_uns: Division by zero
WARNING: tb_mesh_row.uut.cpu_0_0.alu.DW_div_b_1.DWF_div_uns: Division by zero
WARNING: tb_mesh_row.uut.cpu_0_0.alu.DW_div_b_1.DWF_mod_uns: Division by zero
WARNING: tb_mesh_row.uut.cpu_0_0.alu.DW_div_b_0.DWF_div_uns: Division by zero
WARNING: tb_mesh_row.uut.cpu_0_0.alu.DW_div_b_0.DWF_mod_uns: Division by zero
WARNING: tb_mesh_row.uut.cpu_0_0.alu.DW_div_d_0.DWF_div_uns: Division by zero
WARNING: tb_mesh_row.uut.cpu_0_0.alu.DW_div_d_0.DWF_mod_uns: Division by zero
WARNING: tb_mesh_row.uut.cpu_0_0.alu.DW_div_w_1.DWF_div_uns: Division by zero
WARNING: tb_mesh_row.uut.cpu_0_0.alu.DW_div_w_1.DWF_mod_uns: Division by zero
WARNING: tb_mesh_row.uut.cpu_0_0.alu.DW_div_h_3.DWF_div_uns: Division by zero
WARNING: tb_mesh_row.uut.cpu_0_0.alu.DW_div_h_3.DWF_mod_uns: Division by zero
WARNING: tb_mesh_row.uut.cpu_0_0.alu.DW_div_b_7.DWF_div_uns: Division by zero
WARNING: tb_mesh_row.uut.cpu_0_0.alu.DW_div_b_7.DWF_mod_uns: Division by zero
WARNING: tb_mesh_row.uut.cpu_0_0.alu.DW_div_d_0.DWF_div_uns: Division by zero
WARNING: tb_mesh_row.uut.cpu_0_0.alu.DW_div_d_0.DWF_mod_uns: Division by zero
WARNING: tb_mesh_row.uut.cpu_0_0.alu.DW_div_w_1.DWF_div_uns: Division by zero
WARNING: tb_mesh_row.uut.cpu_0_0.alu.DW_div_w_1.DWF_mod_uns: Division by zero
WARNING: tb_mesh_row.uut.cpu_0_0.alu.DW_div_h_3.DWF_div_uns: Division by zero
WARNING: tb_mesh_row.uut.cpu_0_0.alu.DW_div_h_3.DWF_mod_uns: Division by zero
WARNING: tb_mesh_row.uut.cpu_0_0.alu.DW_div_b_7.DWF_div_uns: Division by zero
WARNING: tb_mesh_row.uut.cpu_0_0.alu.DW_div_b_7.DWF_mod_uns: Division by zero
blah 1
Phase=0, Time=78000, Destination=00000000, Source=0000000000000000, Packet Value=0000000000000000
WARNING: tb_mesh_row.uut.cpu_0_0.alu.DW_div_d_0.DWF_div_uns: Division by zero
WARNING: tb_mesh_row.uut.cpu_0_0.alu.DW_div_d_0.DWF_mod_uns: Division by zero
WARNING: tb_mesh_row.uut.cpu_0_0.alu.DW_div_w_1.DWF_div_uns: Division by zero
WARNING: tb_mesh_row.uut.cpu_0_0.alu.DW_div_w_1.DWF_mod_uns: Division by zero
WARNING: tb_mesh_row.uut.cpu_0_0.alu.DW_div_h_3.DWF_div_uns: Division by zero
WARNING: tb_mesh_row.uut.cpu_0_0.alu.DW_div_h_3.DWF_mod_uns: Division by zero
WARNING: tb_mesh_row.uut.cpu_0_0.alu.DW_div_b_7.DWF_div_uns: Division by zero
WARNING: tb_mesh_row.uut.cpu_0_0.alu.DW_div_b_7.DWF_mod_uns: Division by zero
WARNING: tb_mesh_row.uut.cpu_1_0.alu.DW_div_d_0.DWF_div_uns: Division by zero
WARNING: tb_mesh_row.uut.cpu_1_0.alu.DW_div_d_0.DWF_mod_uns: Division by zero
WARNING: tb_mesh_row.uut.cpu_1_0.alu.DW_div_w_1.DWF_div_uns: Division by zero
WARNING: tb_mesh_row.uut.cpu_1_0.alu.DW_div_w_1.DWF_mod_uns: Division by zero
WARNING: tb_mesh_row.uut.cpu_1_0.alu.DW_div_h_3.DWF_div_uns: Division by zero
WARNING: tb_mesh_row.uut.cpu_1_0.alu.DW_div_h_3.DWF_mod_uns: Division by zero
WARNING: tb_mesh_row.uut.cpu_1_0.alu.DW_div_b_7.DWF_div_uns: Division by zero
WARNING: tb_mesh_row.uut.cpu_1_0.alu.DW_div_b_7.DWF_mod_uns: Division by zero
WARNING: tb_mesh_row.uut.cpu_0_0.alu.DW_div_d_0.DWF_div_uns: Division by zero
WARNING: tb_mesh_row.uut.cpu_0_0.alu.DW_div_d_0.DWF_mod_uns: Division by zero
WARNING: tb_mesh_row.uut.cpu_1_0.alu.DW_div_d_0.DWF_div_uns: Division by zero
WARNING: tb_mesh_row.uut.cpu_1_0.alu.DW_div_d_0.DWF_mod_uns: Division by zero
WARNING: tb_mesh_row.uut.cpu_0_0.alu.DW_div_w_1.DWF_div_uns: Division by zero
WARNING: tb_mesh_row.uut.cpu_0_0.alu.DW_div_w_1.DWF_mod_uns: Division by zero
WARNING: tb_mesh_row.uut.cpu_0_0.alu.DW_div_h_3.DWF_div_uns: Division by zero
WARNING: tb_mesh_row.uut.cpu_0_0.alu.DW_div_h_3.DWF_mod_uns: Division by zero
WARNING: tb_mesh_row.uut.cpu_0_0.alu.DW_div_b_7.DWF_div_uns: Division by zero
WARNING: tb_mesh_row.uut.cpu_0_0.alu.DW_div_b_7.DWF_mod_uns: Division by zero
WARNING: tb_mesh_row.uut.cpu_0_0.alu.DW_div_b_6.DWF_div_uns: Division by zero
WARNING: tb_mesh_row.uut.cpu_0_0.alu.DW_div_b_6.DWF_mod_uns: Division by zero
WARNING: tb_mesh_row.uut.cpu_0_0.alu.DW_div_h_2.DWF_div_uns: Division by zero
WARNING: tb_mesh_row.uut.cpu_0_0.alu.DW_div_h_2.DWF_mod_uns: Division by zero
WARNING: tb_mesh_row.uut.cpu_0_0.alu.DW_div_b_5.DWF_div_uns: Division by zero
WARNING: tb_mesh_row.uut.cpu_0_0.alu.DW_div_b_5.DWF_mod_uns: Division by zero
WARNING: tb_mesh_row.uut.cpu_0_0.alu.DW_div_b_4.DWF_div_uns: Division by zero
WARNING: tb_mesh_row.uut.cpu_0_0.alu.DW_div_b_4.DWF_mod_uns: Division by zero
WARNING: tb_mesh_row.uut.cpu_0_0.alu.DW_div_w_0.DWF_div_uns: Division by zero
WARNING: tb_mesh_row.uut.cpu_0_0.alu.DW_div_w_0.DWF_mod_uns: Division by zero
WARNING: tb_mesh_row.uut.cpu_0_0.alu.DW_div_h_1.DWF_div_uns: Division by zero
WARNING: tb_mesh_row.uut.cpu_0_0.alu.DW_div_h_1.DWF_mod_uns: Division by zero
WARNING: tb_mesh_row.uut.cpu_0_0.alu.DW_div_b_3.DWF_div_uns: Division by zero
WARNING: tb_mesh_row.uut.cpu_0_0.alu.DW_div_b_3.DWF_mod_uns: Division by zero
WARNING: tb_mesh_row.uut.cpu_0_0.alu.DW_div_h_0.DWF_div_uns: Division by zero
WARNING: tb_mesh_row.uut.cpu_0_0.alu.DW_div_h_0.DWF_mod_uns: Division by zero
WARNING: tb_mesh_row.uut.cpu_0_0.alu.DW_div_b_1.DWF_div_uns: Division by zero
WARNING: tb_mesh_row.uut.cpu_0_0.alu.DW_div_b_1.DWF_mod_uns: Division by zero
WARNING: tb_mesh_row.uut.cpu_0_0.alu.DW_div_b_0.DWF_div_uns: Division by zero
WARNING: tb_mesh_row.uut.cpu_0_0.alu.DW_div_b_0.DWF_mod_uns: Division by zero
WARNING: tb_mesh_row.uut.cpu_1_0.alu.DW_div_w_1.DWF_div_uns: Division by zero
WARNING: tb_mesh_row.uut.cpu_1_0.alu.DW_div_w_1.DWF_mod_uns: Division by zero
WARNING: tb_mesh_row.uut.cpu_1_0.alu.DW_div_h_3.DWF_div_uns: Division by zero
WARNING: tb_mesh_row.uut.cpu_1_0.alu.DW_div_h_3.DWF_mod_uns: Division by zero
WARNING: tb_mesh_row.uut.cpu_1_0.alu.DW_div_b_7.DWF_div_uns: Division by zero
WARNING: tb_mesh_row.uut.cpu_1_0.alu.DW_div_b_7.DWF_mod_uns: Division by zero
WARNING: tb_mesh_row.uut.cpu_0_0.alu.DW_div_d_0.DWF_div_uns: Division by zero
WARNING: tb_mesh_row.uut.cpu_0_0.alu.DW_div_d_0.DWF_mod_uns: Division by zero
WARNING: tb_mesh_row.uut.cpu_1_0.alu.DW_div_d_0.DWF_div_uns: Division by zero
WARNING: tb_mesh_row.uut.cpu_1_0.alu.DW_div_d_0.DWF_mod_uns: Division by zero
WARNING: tb_mesh_row.uut.cpu_0_0.alu.DW_div_w_1.DWF_div_uns: Division by zero
WARNING: tb_mesh_row.uut.cpu_0_0.alu.DW_div_w_1.DWF_mod_uns: Division by zero
WARNING: tb_mesh_row.uut.cpu_0_0.alu.DW_div_h_3.DWF_div_uns: Division by zero
WARNING: tb_mesh_row.uut.cpu_0_0.alu.DW_div_h_3.DWF_mod_uns: Division by zero
WARNING: tb_mesh_row.uut.cpu_0_0.alu.DW_div_b_7.DWF_div_uns: Division by zero
WARNING: tb_mesh_row.uut.cpu_0_0.alu.DW_div_b_7.DWF_mod_uns: Division by zero
WARNING: tb_mesh_row.uut.cpu_1_0.alu.DW_div_w_1.DWF_div_uns: Division by zero
WARNING: tb_mesh_row.uut.cpu_1_0.alu.DW_div_w_1.DWF_mod_uns: Division by zero
WARNING: tb_mesh_row.uut.cpu_1_0.alu.DW_div_h_3.DWF_div_uns: Division by zero
WARNING: tb_mesh_row.uut.cpu_1_0.alu.DW_div_h_3.DWF_mod_uns: Division by zero
WARNING: tb_mesh_row.uut.cpu_1_0.alu.DW_div_b_7.DWF_div_uns: Division by zero
WARNING: tb_mesh_row.uut.cpu_1_0.alu.DW_div_b_7.DWF_mod_uns: Division by zero
WARNING: tb_mesh_row.uut.cpu_1_0.alu.DW_div_b_6.DWF_div_uns: Division by zero
WARNING: tb_mesh_row.uut.cpu_1_0.alu.DW_div_b_6.DWF_mod_uns: Division by zero
WARNING: tb_mesh_row.uut.cpu_1_0.alu.DW_div_h_2.DWF_div_uns: Division by zero
WARNING: tb_mesh_row.uut.cpu_1_0.alu.DW_div_h_2.DWF_mod_uns: Division by zero
WARNING: tb_mesh_row.uut.cpu_1_0.alu.DW_div_b_5.DWF_div_uns: Division by zero
WARNING: tb_mesh_row.uut.cpu_1_0.alu.DW_div_b_5.DWF_mod_uns: Division by zero
WARNING: tb_mesh_row.uut.cpu_1_0.alu.DW_div_b_4.DWF_div_uns: Division by zero
WARNING: tb_mesh_row.uut.cpu_1_0.alu.DW_div_b_4.DWF_mod_uns: Division by zero
WARNING: tb_mesh_row.uut.cpu_1_0.alu.DW_div_w_0.DWF_div_uns: Division by zero
WARNING: tb_mesh_row.uut.cpu_1_0.alu.DW_div_w_0.DWF_mod_uns: Division by zero
WARNING: tb_mesh_row.uut.cpu_1_0.alu.DW_div_h_1.DWF_div_uns: Division by zero
WARNING: tb_mesh_row.uut.cpu_1_0.alu.DW_div_h_1.DWF_mod_uns: Division by zero
WARNING: tb_mesh_row.uut.cpu_1_0.alu.DW_div_b_3.DWF_div_uns: Division by zero
WARNING: tb_mesh_row.uut.cpu_1_0.alu.DW_div_b_3.DWF_mod_uns: Division by zero
WARNING: tb_mesh_row.uut.cpu_1_0.alu.DW_div_h_0.DWF_div_uns: Division by zero
WARNING: tb_mesh_row.uut.cpu_1_0.alu.DW_div_h_0.DWF_mod_uns: Division by zero
WARNING: tb_mesh_row.uut.cpu_1_0.alu.DW_div_b_0.DWF_div_uns: Division by zero
WARNING: tb_mesh_row.uut.cpu_1_0.alu.DW_div_b_0.DWF_mod_uns: Division by zero
blah 1
Phase=0, Time=102000, Destination=00000000, Source=0000000000000000, Packet Value=0000000000000000
WARNING: tb_mesh_row.uut.cpu_0_0.alu.DW_div_d_0.DWF_div_uns: Division by zero
WARNING: tb_mesh_row.uut.cpu_0_0.alu.DW_div_d_0.DWF_mod_uns: Division by zero
WARNING: tb_mesh_row.uut.cpu_1_0.alu.DW_div_d_0.DWF_div_uns: Division by zero
WARNING: tb_mesh_row.uut.cpu_1_0.alu.DW_div_d_0.DWF_mod_uns: Division by zero
WARNING: tb_mesh_row.uut.cpu_0_0.alu.DW_div_w_1.DWF_div_uns: Division by zero
WARNING: tb_mesh_row.uut.cpu_0_0.alu.DW_div_w_1.DWF_mod_uns: Division by zero
WARNING: tb_mesh_row.uut.cpu_0_0.alu.DW_div_h_3.DWF_div_uns: Division by zero
WARNING: tb_mesh_row.uut.cpu_0_0.alu.DW_div_h_3.DWF_mod_uns: Division by zero
WARNING: tb_mesh_row.uut.cpu_0_0.alu.DW_div_b_7.DWF_div_uns: Division by zero
WARNING: tb_mesh_row.uut.cpu_0_0.alu.DW_div_b_7.DWF_mod_uns: Division by zero
WARNING: tb_mesh_row.uut.cpu_1_0.alu.DW_div_w_1.DWF_div_uns: Division by zero
WARNING: tb_mesh_row.uut.cpu_1_0.alu.DW_div_w_1.DWF_mod_uns: Division by zero
WARNING: tb_mesh_row.uut.cpu_1_0.alu.DW_div_h_3.DWF_div_uns: Division by zero
WARNING: tb_mesh_row.uut.cpu_1_0.alu.DW_div_h_3.DWF_mod_uns: Division by zero
WARNING: tb_mesh_row.uut.cpu_1_0.alu.DW_div_b_7.DWF_div_uns: Division by zero
WARNING: tb_mesh_row.uut.cpu_1_0.alu.DW_div_b_7.DWF_mod_uns: Division by zero
WARNING: tb_mesh_row.uut.cpu_1_0.alu.DW_div_b_6.DWF_div_uns: Division by zero
WARNING: tb_mesh_row.uut.cpu_1_0.alu.DW_div_b_6.DWF_mod_uns: Division by zero
WARNING: tb_mesh_row.uut.cpu_1_0.alu.DW_div_h_2.DWF_div_uns: Division by zero
WARNING: tb_mesh_row.uut.cpu_1_0.alu.DW_div_h_2.DWF_mod_uns: Division by zero
WARNING: tb_mesh_row.uut.cpu_1_0.alu.DW_div_b_5.DWF_div_uns: Division by zero
WARNING: tb_mesh_row.uut.cpu_1_0.alu.DW_div_b_5.DWF_mod_uns: Division by zero
WARNING: tb_mesh_row.uut.cpu_1_0.alu.DW_div_b_4.DWF_div_uns: Division by zero
WARNING: tb_mesh_row.uut.cpu_1_0.alu.DW_div_b_4.DWF_mod_uns: Division by zero
WARNING: tb_mesh_row.uut.cpu_1_0.alu.DW_div_w_0.DWF_div_uns: Division by zero
WARNING: tb_mesh_row.uut.cpu_1_0.alu.DW_div_w_0.DWF_mod_uns: Division by zero
WARNING: tb_mesh_row.uut.cpu_1_0.alu.DW_div_h_1.DWF_div_uns: Division by zero
WARNING: tb_mesh_row.uut.cpu_1_0.alu.DW_div_h_1.DWF_mod_uns: Division by zero
WARNING: tb_mesh_row.uut.cpu_1_0.alu.DW_div_b_3.DWF_div_uns: Division by zero
WARNING: tb_mesh_row.uut.cpu_1_0.alu.DW_div_b_3.DWF_mod_uns: Division by zero
WARNING: tb_mesh_row.uut.cpu_1_0.alu.DW_div_h_0.DWF_div_uns: Division by zero
WARNING: tb_mesh_row.uut.cpu_1_0.alu.DW_div_h_0.DWF_mod_uns: Division by zero
WARNING: tb_mesh_row.uut.cpu_1_0.alu.DW_div_b_0.DWF_div_uns: Division by zero
WARNING: tb_mesh_row.uut.cpu_1_0.alu.DW_div_b_0.DWF_mod_uns: Division by zero
WARNING: tb_mesh_row.uut.cpu_0_0.alu.DW_div_d_0.DWF_div_uns: Division by zero
WARNING: tb_mesh_row.uut.cpu_0_0.alu.DW_div_d_0.DWF_mod_uns: Division by zero
WARNING: tb_mesh_row.uut.cpu_0_0.alu.DW_div_w_1.DWF_div_uns: Division by zero
WARNING: tb_mesh_row.uut.cpu_0_0.alu.DW_div_w_1.DWF_mod_uns: Division by zero
WARNING: tb_mesh_row.uut.cpu_0_0.alu.DW_div_h_3.DWF_div_uns: Division by zero
WARNING: tb_mesh_row.uut.cpu_0_0.alu.DW_div_h_3.DWF_mod_uns: Division by zero
WARNING: tb_mesh_row.uut.cpu_0_0.alu.DW_div_b_7.DWF_div_uns: Division by zero
WARNING: tb_mesh_row.uut.cpu_0_0.alu.DW_div_b_7.DWF_mod_uns: Division by zero
The program completed in          24 cycles
blah 1
Phase=0, Time=118000, Destination=00000000, Source=0000000000000000, Packet Value=0000000000000000
WARNING: tb_mesh_row.uut.cpu_0_0.alu.DW_div_d_0.DWF_div_uns: Division by zero
WARNING: tb_mesh_row.uut.cpu_0_0.alu.DW_div_d_0.DWF_mod_uns: Division by zero
WARNING: tb_mesh_row.uut.cpu_0_0.alu.DW_div_w_1.DWF_div_uns: Division by zero
WARNING: tb_mesh_row.uut.cpu_0_0.alu.DW_div_w_1.DWF_mod_uns: Division by zero
WARNING: tb_mesh_row.uut.cpu_0_0.alu.DW_div_h_3.DWF_div_uns: Division by zero
WARNING: tb_mesh_row.uut.cpu_0_0.alu.DW_div_h_3.DWF_mod_uns: Division by zero
WARNING: tb_mesh_row.uut.cpu_0_0.alu.DW_div_b_7.DWF_div_uns: Division by zero
WARNING: tb_mesh_row.uut.cpu_0_0.alu.DW_div_b_7.DWF_mod_uns: Division by zero
WARNING: tb_mesh_row.uut.cpu_0_0.alu.DW_div_b_6.DWF_div_uns: Division by zero
WARNING: tb_mesh_row.uut.cpu_0_0.alu.DW_div_b_6.DWF_mod_uns: Division by zero
WARNING: tb_mesh_row.uut.cpu_0_0.alu.DW_div_h_2.DWF_div_uns: Division by zero
WARNING: tb_mesh_row.uut.cpu_0_0.alu.DW_div_h_2.DWF_mod_uns: Division by zero
WARNING: tb_mesh_row.uut.cpu_0_0.alu.DW_div_b_5.DWF_div_uns: Division by zero
WARNING: tb_mesh_row.uut.cpu_0_0.alu.DW_div_b_5.DWF_mod_uns: Division by zero
WARNING: tb_mesh_row.uut.cpu_0_0.alu.DW_div_b_4.DWF_div_uns: Division by zero
WARNING: tb_mesh_row.uut.cpu_0_0.alu.DW_div_b_4.DWF_mod_uns: Division by zero
WARNING: tb_mesh_row.uut.cpu_0_0.alu.DW_div_w_0.DWF_div_uns: Division by zero
WARNING: tb_mesh_row.uut.cpu_0_0.alu.DW_div_w_0.DWF_mod_uns: Division by zero
WARNING: tb_mesh_row.uut.cpu_0_0.alu.DW_div_h_1.DWF_div_uns: Division by zero
WARNING: tb_mesh_row.uut.cpu_0_0.alu.DW_div_h_1.DWF_mod_uns: Division by zero
WARNING: tb_mesh_row.uut.cpu_0_0.alu.DW_div_b_3.DWF_div_uns: Division by zero
WARNING: tb_mesh_row.uut.cpu_0_0.alu.DW_div_b_3.DWF_mod_uns: Division by zero
WARNING: tb_mesh_row.uut.cpu_0_0.alu.DW_div_h_0.DWF_div_uns: Division by zero
WARNING: tb_mesh_row.uut.cpu_0_0.alu.DW_div_h_0.DWF_mod_uns: Division by zero
WARNING: tb_mesh_row.uut.cpu_0_0.alu.DW_div_b_1.DWF_div_uns: Division by zero
WARNING: tb_mesh_row.uut.cpu_0_0.alu.DW_div_b_1.DWF_mod_uns: Division by zero
WARNING: tb_mesh_row.uut.cpu_0_0.alu.DW_div_b_0.DWF_div_uns: Division by zero
WARNING: tb_mesh_row.uut.cpu_0_0.alu.DW_div_b_0.DWF_mod_uns: Division by zero
WARNING: tb_mesh_row.uut.cpu_2_0.alu.DW_div_d_0.DWF_div_uns: Division by zero
WARNING: tb_mesh_row.uut.cpu_2_0.alu.DW_div_d_0.DWF_mod_uns: Division by zero
WARNING: tb_mesh_row.uut.cpu_2_0.alu.DW_div_w_1.DWF_div_uns: Division by zero
WARNING: tb_mesh_row.uut.cpu_2_0.alu.DW_div_w_1.DWF_mod_uns: Division by zero
WARNING: tb_mesh_row.uut.cpu_2_0.alu.DW_div_h_3.DWF_div_uns: Division by zero
WARNING: tb_mesh_row.uut.cpu_2_0.alu.DW_div_h_3.DWF_mod_uns: Division by zero
WARNING: tb_mesh_row.uut.cpu_2_0.alu.DW_div_b_7.DWF_div_uns: Division by zero
WARNING: tb_mesh_row.uut.cpu_2_0.alu.DW_div_b_7.DWF_mod_uns: Division by zero
WARNING: tb_mesh_row.uut.cpu_2_0.alu.DW_div_d_0.DWF_div_uns: Division by zero
WARNING: tb_mesh_row.uut.cpu_2_0.alu.DW_div_d_0.DWF_mod_uns: Division by zero
WARNING: tb_mesh_row.uut.cpu_2_0.alu.DW_div_w_1.DWF_div_uns: Division by zero
WARNING: tb_mesh_row.uut.cpu_2_0.alu.DW_div_w_1.DWF_mod_uns: Division by zero
WARNING: tb_mesh_row.uut.cpu_2_0.alu.DW_div_h_3.DWF_div_uns: Division by zero
WARNING: tb_mesh_row.uut.cpu_2_0.alu.DW_div_h_3.DWF_mod_uns: Division by zero
WARNING: tb_mesh_row.uut.cpu_2_0.alu.DW_div_b_7.DWF_div_uns: Division by zero
WARNING: tb_mesh_row.uut.cpu_2_0.alu.DW_div_b_7.DWF_mod_uns: Division by zero
WARNING: tb_mesh_row.uut.cpu_2_0.alu.DW_div_d_0.DWF_div_uns: Division by zero
WARNING: tb_mesh_row.uut.cpu_2_0.alu.DW_div_d_0.DWF_mod_uns: Division by zero
WARNING: tb_mesh_row.uut.cpu_2_0.alu.DW_div_w_1.DWF_div_uns: Division by zero
WARNING: tb_mesh_row.uut.cpu_2_0.alu.DW_div_w_1.DWF_mod_uns: Division by zero
WARNING: tb_mesh_row.uut.cpu_2_0.alu.DW_div_h_3.DWF_div_uns: Division by zero
WARNING: tb_mesh_row.uut.cpu_2_0.alu.DW_div_h_3.DWF_mod_uns: Division by zero
WARNING: tb_mesh_row.uut.cpu_2_0.alu.DW_div_b_7.DWF_div_uns: Division by zero
WARNING: tb_mesh_row.uut.cpu_2_0.alu.DW_div_b_7.DWF_mod_uns: Division by zero
WARNING: tb_mesh_row.uut.cpu_2_0.alu.DW_div_b_6.DWF_div_uns: Division by zero
WARNING: tb_mesh_row.uut.cpu_2_0.alu.DW_div_b_6.DWF_mod_uns: Division by zero
WARNING: tb_mesh_row.uut.cpu_2_0.alu.DW_div_h_2.DWF_div_uns: Division by zero
WARNING: tb_mesh_row.uut.cpu_2_0.alu.DW_div_h_2.DWF_mod_uns: Division by zero
WARNING: tb_mesh_row.uut.cpu_2_0.alu.DW_div_b_5.DWF_div_uns: Division by zero
WARNING: tb_mesh_row.uut.cpu_2_0.alu.DW_div_b_5.DWF_mod_uns: Division by zero
WARNING: tb_mesh_row.uut.cpu_2_0.alu.DW_div_b_4.DWF_div_uns: Division by zero
WARNING: tb_mesh_row.uut.cpu_2_0.alu.DW_div_b_4.DWF_mod_uns: Division by zero
WARNING: tb_mesh_row.uut.cpu_2_0.alu.DW_div_w_0.DWF_div_uns: Division by zero
WARNING: tb_mesh_row.uut.cpu_2_0.alu.DW_div_w_0.DWF_mod_uns: Division by zero
WARNING: tb_mesh_row.uut.cpu_2_0.alu.DW_div_h_1.DWF_div_uns: Division by zero
WARNING: tb_mesh_row.uut.cpu_2_0.alu.DW_div_h_1.DWF_mod_uns: Division by zero
WARNING: tb_mesh_row.uut.cpu_2_0.alu.DW_div_b_3.DWF_div_uns: Division by zero
WARNING: tb_mesh_row.uut.cpu_2_0.alu.DW_div_b_3.DWF_mod_uns: Division by zero
WARNING: tb_mesh_row.uut.cpu_2_0.alu.DW_div_h_0.DWF_div_uns: Division by zero
WARNING: tb_mesh_row.uut.cpu_2_0.alu.DW_div_h_0.DWF_mod_uns: Division by zero
WARNING: tb_mesh_row.uut.cpu_2_0.alu.DW_div_b_0.DWF_div_uns: Division by zero
WARNING: tb_mesh_row.uut.cpu_2_0.alu.DW_div_b_0.DWF_mod_uns: Division by zero
blah 1
Phase=0, Time=150000, Destination=00000000, Source=0000000000000000, Packet Value=0000000000000000
WARNING: tb_mesh_row.uut.cpu_2_0.alu.DW_div_d_0.DWF_div_uns: Division by zero
WARNING: tb_mesh_row.uut.cpu_2_0.alu.DW_div_d_0.DWF_mod_uns: Division by zero
WARNING: tb_mesh_row.uut.cpu_2_0.alu.DW_div_w_1.DWF_div_uns: Division by zero
WARNING: tb_mesh_row.uut.cpu_2_0.alu.DW_div_w_1.DWF_mod_uns: Division by zero
WARNING: tb_mesh_row.uut.cpu_2_0.alu.DW_div_h_3.DWF_div_uns: Division by zero
WARNING: tb_mesh_row.uut.cpu_2_0.alu.DW_div_h_3.DWF_mod_uns: Division by zero
WARNING: tb_mesh_row.uut.cpu_2_0.alu.DW_div_b_7.DWF_div_uns: Division by zero
WARNING: tb_mesh_row.uut.cpu_2_0.alu.DW_div_b_7.DWF_mod_uns: Division by zero
WARNING: tb_mesh_row.uut.cpu_2_0.alu.DW_div_b_6.DWF_div_uns: Division by zero
WARNING: tb_mesh_row.uut.cpu_2_0.alu.DW_div_b_6.DWF_mod_uns: Division by zero
WARNING: tb_mesh_row.uut.cpu_2_0.alu.DW_div_h_2.DWF_div_uns: Division by zero
WARNING: tb_mesh_row.uut.cpu_2_0.alu.DW_div_h_2.DWF_mod_uns: Division by zero
WARNING: tb_mesh_row.uut.cpu_2_0.alu.DW_div_b_5.DWF_div_uns: Division by zero
WARNING: tb_mesh_row.uut.cpu_2_0.alu.DW_div_b_5.DWF_mod_uns: Division by zero
WARNING: tb_mesh_row.uut.cpu_2_0.alu.DW_div_b_4.DWF_div_uns: Division by zero
WARNING: tb_mesh_row.uut.cpu_2_0.alu.DW_div_b_4.DWF_mod_uns: Division by zero
WARNING: tb_mesh_row.uut.cpu_2_0.alu.DW_div_w_0.DWF_div_uns: Division by zero
WARNING: tb_mesh_row.uut.cpu_2_0.alu.DW_div_w_0.DWF_mod_uns: Division by zero
WARNING: tb_mesh_row.uut.cpu_2_0.alu.DW_div_h_1.DWF_div_uns: Division by zero
WARNING: tb_mesh_row.uut.cpu_2_0.alu.DW_div_h_1.DWF_mod_uns: Division by zero
WARNING: tb_mesh_row.uut.cpu_2_0.alu.DW_div_b_3.DWF_div_uns: Division by zero
WARNING: tb_mesh_row.uut.cpu_2_0.alu.DW_div_b_3.DWF_mod_uns: Division by zero
WARNING: tb_mesh_row.uut.cpu_2_0.alu.DW_div_h_0.DWF_div_uns: Division by zero
WARNING: tb_mesh_row.uut.cpu_2_0.alu.DW_div_h_0.DWF_mod_uns: Division by zero
WARNING: tb_mesh_row.uut.cpu_2_0.alu.DW_div_b_0.DWF_div_uns: Division by zero
WARNING: tb_mesh_row.uut.cpu_2_0.alu.DW_div_b_0.DWF_mod_uns: Division by zero
blah 1
Phase=0, Time=158000, Destination=00000000, Source=0000000000000000, Packet Value=0000000000000000
WARNING: tb_mesh_row.uut.cpu_3_0.alu.DW_div_d_0.DWF_div_uns: Division by zero
WARNING: tb_mesh_row.uut.cpu_3_0.alu.DW_div_d_0.DWF_mod_uns: Division by zero
WARNING: tb_mesh_row.uut.cpu_3_0.alu.DW_div_w_1.DWF_div_uns: Division by zero
WARNING: tb_mesh_row.uut.cpu_3_0.alu.DW_div_w_1.DWF_mod_uns: Division by zero
WARNING: tb_mesh_row.uut.cpu_3_0.alu.DW_div_h_3.DWF_div_uns: Division by zero
WARNING: tb_mesh_row.uut.cpu_3_0.alu.DW_div_h_3.DWF_mod_uns: Division by zero
WARNING: tb_mesh_row.uut.cpu_3_0.alu.DW_div_b_7.DWF_div_uns: Division by zero
WARNING: tb_mesh_row.uut.cpu_3_0.alu.DW_div_b_7.DWF_mod_uns: Division by zero
WARNING: tb_mesh_row.uut.cpu_3_0.alu.DW_div_d_0.DWF_div_uns: Division by zero
WARNING: tb_mesh_row.uut.cpu_3_0.alu.DW_div_d_0.DWF_mod_uns: Division by zero
WARNING: tb_mesh_row.uut.cpu_3_0.alu.DW_div_w_1.DWF_div_uns: Division by zero
WARNING: tb_mesh_row.uut.cpu_3_0.alu.DW_div_w_1.DWF_mod_uns: Division by zero
WARNING: tb_mesh_row.uut.cpu_3_0.alu.DW_div_h_3.DWF_div_uns: Division by zero
WARNING: tb_mesh_row.uut.cpu_3_0.alu.DW_div_h_3.DWF_mod_uns: Division by zero
WARNING: tb_mesh_row.uut.cpu_3_0.alu.DW_div_b_7.DWF_div_uns: Division by zero
WARNING: tb_mesh_row.uut.cpu_3_0.alu.DW_div_b_7.DWF_mod_uns: Division by zero
WARNING: tb_mesh_row.uut.cpu_3_0.alu.DW_div_d_0.DWF_div_uns: Division by zero
WARNING: tb_mesh_row.uut.cpu_3_0.alu.DW_div_d_0.DWF_mod_uns: Division by zero
WARNING: tb_mesh_row.uut.cpu_3_0.alu.DW_div_w_1.DWF_div_uns: Division by zero
WARNING: tb_mesh_row.uut.cpu_3_0.alu.DW_div_w_1.DWF_mod_uns: Division by zero
WARNING: tb_mesh_row.uut.cpu_3_0.alu.DW_div_h_3.DWF_div_uns: Division by zero
WARNING: tb_mesh_row.uut.cpu_3_0.alu.DW_div_h_3.DWF_mod_uns: Division by zero
WARNING: tb_mesh_row.uut.cpu_3_0.alu.DW_div_b_7.DWF_div_uns: Division by zero
WARNING: tb_mesh_row.uut.cpu_3_0.alu.DW_div_b_7.DWF_mod_uns: Division by zero
WARNING: tb_mesh_row.uut.cpu_3_0.alu.DW_div_b_6.DWF_div_uns: Division by zero
WARNING: tb_mesh_row.uut.cpu_3_0.alu.DW_div_b_6.DWF_mod_uns: Division by zero
WARNING: tb_mesh_row.uut.cpu_3_0.alu.DW_div_h_2.DWF_div_uns: Division by zero
WARNING: tb_mesh_row.uut.cpu_3_0.alu.DW_div_h_2.DWF_mod_uns: Division by zero
WARNING: tb_mesh_row.uut.cpu_3_0.alu.DW_div_b_5.DWF_div_uns: Division by zero
WARNING: tb_mesh_row.uut.cpu_3_0.alu.DW_div_b_5.DWF_mod_uns: Division by zero
WARNING: tb_mesh_row.uut.cpu_3_0.alu.DW_div_b_4.DWF_div_uns: Division by zero
WARNING: tb_mesh_row.uut.cpu_3_0.alu.DW_div_b_4.DWF_mod_uns: Division by zero
WARNING: tb_mesh_row.uut.cpu_3_0.alu.DW_div_w_0.DWF_div_uns: Division by zero
WARNING: tb_mesh_row.uut.cpu_3_0.alu.DW_div_w_0.DWF_mod_uns: Division by zero
WARNING: tb_mesh_row.uut.cpu_3_0.alu.DW_div_h_1.DWF_div_uns: Division by zero
WARNING: tb_mesh_row.uut.cpu_3_0.alu.DW_div_h_1.DWF_mod_uns: Division by zero
WARNING: tb_mesh_row.uut.cpu_3_0.alu.DW_div_b_3.DWF_div_uns: Division by zero
WARNING: tb_mesh_row.uut.cpu_3_0.alu.DW_div_b_3.DWF_mod_uns: Division by zero
WARNING: tb_mesh_row.uut.cpu_3_0.alu.DW_div_h_0.DWF_div_uns: Division by zero
WARNING: tb_mesh_row.uut.cpu_3_0.alu.DW_div_h_0.DWF_mod_uns: Division by zero
WARNING: tb_mesh_row.uut.cpu_3_0.alu.DW_div_b_0.DWF_div_uns: Division by zero
WARNING: tb_mesh_row.uut.cpu_3_0.alu.DW_div_b_0.DWF_mod_uns: Division by zero
blah 1
Phase=0, Time=182000, Destination=00000000, Source=0000000000000000, Packet Value=0000000000000000
WARNING: tb_mesh_row.uut.cpu_3_0.alu.DW_div_d_0.DWF_div_uns: Division by zero
WARNING: tb_mesh_row.uut.cpu_3_0.alu.DW_div_d_0.DWF_mod_uns: Division by zero
WARNING: tb_mesh_row.uut.cpu_3_0.alu.DW_div_w_1.DWF_div_uns: Division by zero
WARNING: tb_mesh_row.uut.cpu_3_0.alu.DW_div_w_1.DWF_mod_uns: Division by zero
WARNING: tb_mesh_row.uut.cpu_3_0.alu.DW_div_h_3.DWF_div_uns: Division by zero
WARNING: tb_mesh_row.uut.cpu_3_0.alu.DW_div_h_3.DWF_mod_uns: Division by zero
WARNING: tb_mesh_row.uut.cpu_3_0.alu.DW_div_b_7.DWF_div_uns: Division by zero
WARNING: tb_mesh_row.uut.cpu_3_0.alu.DW_div_b_7.DWF_mod_uns: Division by zero
WARNING: tb_mesh_row.uut.cpu_3_0.alu.DW_div_b_6.DWF_div_uns: Division by zero
WARNING: tb_mesh_row.uut.cpu_3_0.alu.DW_div_b_6.DWF_mod_uns: Division by zero
WARNING: tb_mesh_row.uut.cpu_3_0.alu.DW_div_h_2.DWF_div_uns: Division by zero
WARNING: tb_mesh_row.uut.cpu_3_0.alu.DW_div_h_2.DWF_mod_uns: Division by zero
WARNING: tb_mesh_row.uut.cpu_3_0.alu.DW_div_b_5.DWF_div_uns: Division by zero
WARNING: tb_mesh_row.uut.cpu_3_0.alu.DW_div_b_5.DWF_mod_uns: Division by zero
WARNING: tb_mesh_row.uut.cpu_3_0.alu.DW_div_b_4.DWF_div_uns: Division by zero
WARNING: tb_mesh_row.uut.cpu_3_0.alu.DW_div_b_4.DWF_mod_uns: Division by zero
WARNING: tb_mesh_row.uut.cpu_3_0.alu.DW_div_w_0.DWF_div_uns: Division by zero
WARNING: tb_mesh_row.uut.cpu_3_0.alu.DW_div_w_0.DWF_mod_uns: Division by zero
WARNING: tb_mesh_row.uut.cpu_3_0.alu.DW_div_h_1.DWF_div_uns: Division by zero
WARNING: tb_mesh_row.uut.cpu_3_0.alu.DW_div_h_1.DWF_mod_uns: Division by zero
WARNING: tb_mesh_row.uut.cpu_3_0.alu.DW_div_b_3.DWF_div_uns: Division by zero
WARNING: tb_mesh_row.uut.cpu_3_0.alu.DW_div_b_3.DWF_mod_uns: Division by zero
WARNING: tb_mesh_row.uut.cpu_3_0.alu.DW_div_h_0.DWF_div_uns: Division by zero
WARNING: tb_mesh_row.uut.cpu_3_0.alu.DW_div_h_0.DWF_mod_uns: Division by zero
WARNING: tb_mesh_row.uut.cpu_3_0.alu.DW_div_b_0.DWF_div_uns: Division by zero
WARNING: tb_mesh_row.uut.cpu_3_0.alu.DW_div_b_0.DWF_mod_uns: Division by zero
$finish called at time : 192 ns : File "D:/Dev-Projects/mesh-noc-router/cpu/tb/tb_mesh_row.v" Line 239
WARNING: tb_mesh_row.uut.cpu_0_0.alu.DW_div_d_0.DWF_div_uns: Division by zero
WARNING: tb_mesh_row.uut.cpu_0_0.alu.DW_div_d_0.DWF_mod_uns: Division by zero
WARNING: tb_mesh_row.uut.cpu_1_0.alu.DW_div_d_0.DWF_div_uns: Division by zero
WARNING: tb_mesh_row.uut.cpu_1_0.alu.DW_div_d_0.DWF_mod_uns: Division by zero
WARNING: tb_mesh_row.uut.cpu_2_0.alu.DW_div_d_0.DWF_div_uns: Division by zero
WARNING: tb_mesh_row.uut.cpu_2_0.alu.DW_div_d_0.DWF_mod_uns: Division by zero
WARNING: tb_mesh_row.uut.cpu_3_0.alu.DW_div_d_0.DWF_div_uns: Division by zero
WARNING: tb_mesh_row.uut.cpu_3_0.alu.DW_div_d_0.DWF_mod_uns: Division by zero
WARNING: tb_mesh_row.uut.cpu_0_0.alu.DW_div_w_1.DWF_div_uns: Division by zero
WARNING: tb_mesh_row.uut.cpu_0_0.alu.DW_div_w_1.DWF_mod_uns: Division by zero
WARNING: tb_mesh_row.uut.cpu_0_0.alu.DW_div_h_3.DWF_div_uns: Division by zero
WARNING: tb_mesh_row.uut.cpu_0_0.alu.DW_div_h_3.DWF_mod_uns: Division by zero
WARNING: tb_mesh_row.uut.cpu_0_0.alu.DW_div_b_7.DWF_div_uns: Division by zero
WARNING: tb_mesh_row.uut.cpu_0_0.alu.DW_div_b_7.DWF_mod_uns: Division by zero
WARNING: tb_mesh_row.uut.cpu_0_0.alu.DW_div_b_6.DWF_div_uns: Division by zero
WARNING: tb_mesh_row.uut.cpu_0_0.alu.DW_div_b_6.DWF_mod_uns: Division by zero
WARNING: tb_mesh_row.uut.cpu_0_0.alu.DW_div_h_2.DWF_div_uns: Division by zero
WARNING: tb_mesh_row.uut.cpu_0_0.alu.DW_div_h_2.DWF_mod_uns: Division by zero
WARNING: tb_mesh_row.uut.cpu_0_0.alu.DW_div_b_5.DWF_div_uns: Division by zero
WARNING: tb_mesh_row.uut.cpu_0_0.alu.DW_div_b_5.DWF_mod_uns: Division by zero
WARNING: tb_mesh_row.uut.cpu_0_0.alu.DW_div_b_4.DWF_div_uns: Division by zero
WARNING: tb_mesh_row.uut.cpu_0_0.alu.DW_div_b_4.DWF_mod_uns: Division by zero
WARNING: tb_mesh_row.uut.cpu_0_0.alu.DW_div_w_0.DWF_div_uns: Division by zero
WARNING: tb_mesh_row.uut.cpu_0_0.alu.DW_div_w_0.DWF_mod_uns: Division by zero
WARNING: tb_mesh_row.uut.cpu_0_0.alu.DW_div_h_1.DWF_div_uns: Division by zero
WARNING: tb_mesh_row.uut.cpu_0_0.alu.DW_div_h_1.DWF_mod_uns: Division by zero
WARNING: tb_mesh_row.uut.cpu_0_0.alu.DW_div_b_3.DWF_div_uns: Division by zero
WARNING: tb_mesh_row.uut.cpu_0_0.alu.DW_div_b_3.DWF_mod_uns: Division by zero
WARNING: tb_mesh_row.uut.cpu_0_0.alu.DW_div_b_2.DWF_div_uns: Division by zero
WARNING: tb_mesh_row.uut.cpu_0_0.alu.DW_div_b_2.DWF_mod_uns: Division by zero
WARNING: tb_mesh_row.uut.cpu_0_0.alu.DW_div_h_0.DWF_div_uns: Division by zero
WARNING: tb_mesh_row.uut.cpu_0_0.alu.DW_div_h_0.DWF_mod_uns: Division by zero
WARNING: tb_mesh_row.uut.cpu_0_0.alu.DW_div_b_1.DWF_div_uns: Division by zero
WARNING: tb_mesh_row.uut.cpu_0_0.alu.DW_div_b_1.DWF_mod_uns: Division by zero
WARNING: tb_mesh_row.uut.cpu_0_0.alu.DW_div_b_0.DWF_div_uns: Division by zero
WARNING: tb_mesh_row.uut.cpu_0_0.alu.DW_div_b_0.DWF_mod_uns: Division by zero
WARNING: tb_mesh_row.uut.cpu_1_0.alu.DW_div_w_1.DWF_div_uns: Division by zero
WARNING: tb_mesh_row.uut.cpu_1_0.alu.DW_div_w_1.DWF_mod_uns: Division by zero
WARNING: tb_mesh_row.uut.cpu_1_0.alu.DW_div_h_3.DWF_div_uns: Division by zero
WARNING: tb_mesh_row.uut.cpu_1_0.alu.DW_div_h_3.DWF_mod_uns: Division by zero
WARNING: tb_mesh_row.uut.cpu_1_0.alu.DW_div_b_7.DWF_div_uns: Division by zero
WARNING: tb_mesh_row.uut.cpu_1_0.alu.DW_div_b_7.DWF_mod_uns: Division by zero
WARNING: tb_mesh_row.uut.cpu_1_0.alu.DW_div_b_6.DWF_div_uns: Division by zero
WARNING: tb_mesh_row.uut.cpu_1_0.alu.DW_div_b_6.DWF_mod_uns: Division by zero
WARNING: tb_mesh_row.uut.cpu_1_0.alu.DW_div_h_2.DWF_div_uns: Division by zero
WARNING: tb_mesh_row.uut.cpu_1_0.alu.DW_div_h_2.DWF_mod_uns: Division by zero
WARNING: tb_mesh_row.uut.cpu_1_0.alu.DW_div_b_5.DWF_div_uns: Division by zero
WARNING: tb_mesh_row.uut.cpu_1_0.alu.DW_div_b_5.DWF_mod_uns: Division by zero
WARNING: tb_mesh_row.uut.cpu_1_0.alu.DW_div_b_4.DWF_div_uns: Division by zero
WARNING: tb_mesh_row.uut.cpu_1_0.alu.DW_div_b_4.DWF_mod_uns: Division by zero
WARNING: tb_mesh_row.uut.cpu_1_0.alu.DW_div_w_0.DWF_div_uns: Division by zero
WARNING: tb_mesh_row.uut.cpu_1_0.alu.DW_div_w_0.DWF_mod_uns: Division by zero
WARNING: tb_mesh_row.uut.cpu_1_0.alu.DW_div_h_1.DWF_div_uns: Division by zero
WARNING: tb_mesh_row.uut.cpu_1_0.alu.DW_div_h_1.DWF_mod_uns: Division by zero
WARNING: tb_mesh_row.uut.cpu_1_0.alu.DW_div_b_3.DWF_div_uns: Division by zero
WARNING: tb_mesh_row.uut.cpu_1_0.alu.DW_div_b_3.DWF_mod_uns: Division by zero
WARNING: tb_mesh_row.uut.cpu_1_0.alu.DW_div_b_2.DWF_div_uns: Division by zero
WARNING: tb_mesh_row.uut.cpu_1_0.alu.DW_div_b_2.DWF_mod_uns: Division by zero
WARNING: tb_mesh_row.uut.cpu_1_0.alu.DW_div_h_0.DWF_div_uns: Division by zero
WARNING: tb_mesh_row.uut.cpu_1_0.alu.DW_div_h_0.DWF_mod_uns: Division by zero
WARNING: tb_mesh_row.uut.cpu_1_0.alu.DW_div_b_1.DWF_div_uns: Division by zero
WARNING: tb_mesh_row.uut.cpu_1_0.alu.DW_div_b_1.DWF_mod_uns: Division by zero
WARNING: tb_mesh_row.uut.cpu_1_0.alu.DW_div_b_0.DWF_div_uns: Division by zero
WARNING: tb_mesh_row.uut.cpu_1_0.alu.DW_div_b_0.DWF_mod_uns: Division by zero
WARNING: tb_mesh_row.uut.cpu_2_0.alu.DW_div_w_1.DWF_div_uns: Division by zero
WARNING: tb_mesh_row.uut.cpu_2_0.alu.DW_div_w_1.DWF_mod_uns: Division by zero
WARNING: tb_mesh_row.uut.cpu_2_0.alu.DW_div_h_3.DWF_div_uns: Division by zero
WARNING: tb_mesh_row.uut.cpu_2_0.alu.DW_div_h_3.DWF_mod_uns: Division by zero
WARNING: tb_mesh_row.uut.cpu_2_0.alu.DW_div_b_7.DWF_div_uns: Division by zero
WARNING: tb_mesh_row.uut.cpu_2_0.alu.DW_div_b_7.DWF_mod_uns: Division by zero
WARNING: tb_mesh_row.uut.cpu_2_0.alu.DW_div_b_6.DWF_div_uns: Division by zero
WARNING: tb_mesh_row.uut.cpu_2_0.alu.DW_div_b_6.DWF_mod_uns: Division by zero
WARNING: tb_mesh_row.uut.cpu_2_0.alu.DW_div_h_2.DWF_div_uns: Division by zero
WARNING: tb_mesh_row.uut.cpu_2_0.alu.DW_div_h_2.DWF_mod_uns: Division by zero
WARNING: tb_mesh_row.uut.cpu_2_0.alu.DW_div_b_5.DWF_div_uns: Division by zero
WARNING: tb_mesh_row.uut.cpu_2_0.alu.DW_div_b_5.DWF_mod_uns: Division by zero
WARNING: tb_mesh_row.uut.cpu_2_0.alu.DW_div_b_4.DWF_div_uns: Division by zero
WARNING: tb_mesh_row.uut.cpu_2_0.alu.DW_div_b_4.DWF_mod_uns: Division by zero
WARNING: tb_mesh_row.uut.cpu_2_0.alu.DW_div_w_0.DWF_div_uns: Division by zero
WARNING: tb_mesh_row.uut.cpu_2_0.alu.DW_div_w_0.DWF_mod_uns: Division by zero
WARNING: tb_mesh_row.uut.cpu_2_0.alu.DW_div_h_1.DWF_div_uns: Division by zero
WARNING: tb_mesh_row.uut.cpu_2_0.alu.DW_div_h_1.DWF_mod_uns: Division by zero
WARNING: tb_mesh_row.uut.cpu_2_0.alu.DW_div_b_3.DWF_div_uns: Division by zero
WARNING: tb_mesh_row.uut.cpu_2_0.alu.DW_div_b_3.DWF_mod_uns: Division by zero
WARNING: tb_mesh_row.uut.cpu_2_0.alu.DW_div_b_2.DWF_div_uns: Division by zero
WARNING: tb_mesh_row.uut.cpu_2_0.alu.DW_div_b_2.DWF_mod_uns: Division by zero
WARNING: tb_mesh_row.uut.cpu_2_0.alu.DW_div_h_0.DWF_div_uns: Division by zero
WARNING: tb_mesh_row.uut.cpu_2_0.alu.DW_div_h_0.DWF_mod_uns: Division by zero
WARNING: tb_mesh_row.uut.cpu_2_0.alu.DW_div_b_1.DWF_div_uns: Division by zero
WARNING: tb_mesh_row.uut.cpu_2_0.alu.DW_div_b_1.DWF_mod_uns: Division by zero
WARNING: tb_mesh_row.uut.cpu_2_0.alu.DW_div_b_0.DWF_div_uns: Division by zero
WARNING: tb_mesh_row.uut.cpu_2_0.alu.DW_div_b_0.DWF_mod_uns: Division by zero
WARNING: tb_mesh_row.uut.cpu_3_0.alu.DW_div_w_1.DWF_div_uns: Division by zero
WARNING: tb_mesh_row.uut.cpu_3_0.alu.DW_div_w_1.DWF_mod_uns: Division by zero
WARNING: tb_mesh_row.uut.cpu_3_0.alu.DW_div_h_3.DWF_div_uns: Division by zero
WARNING: tb_mesh_row.uut.cpu_3_0.alu.DW_div_h_3.DWF_mod_uns: Division by zero
WARNING: tb_mesh_row.uut.cpu_3_0.alu.DW_div_b_7.DWF_div_uns: Division by zero
WARNING: tb_mesh_row.uut.cpu_3_0.alu.DW_div_b_7.DWF_mod_uns: Division by zero
WARNING: tb_mesh_row.uut.cpu_3_0.alu.DW_div_b_6.DWF_div_uns: Division by zero
WARNING: tb_mesh_row.uut.cpu_3_0.alu.DW_div_b_6.DWF_mod_uns: Division by zero
WARNING: tb_mesh_row.uut.cpu_3_0.alu.DW_div_h_2.DWF_div_uns: Division by zero
WARNING: tb_mesh_row.uut.cpu_3_0.alu.DW_div_h_2.DWF_mod_uns: Division by zero
WARNING: tb_mesh_row.uut.cpu_3_0.alu.DW_div_b_5.DWF_div_uns: Division by zero
WARNING: tb_mesh_row.uut.cpu_3_0.alu.DW_div_b_5.DWF_mod_uns: Division by zero
WARNING: tb_mesh_row.uut.cpu_3_0.alu.DW_div_b_4.DWF_div_uns: Division by zero
WARNING: tb_mesh_row.uut.cpu_3_0.alu.DW_div_b_4.DWF_mod_uns: Division by zero
WARNING: tb_mesh_row.uut.cpu_3_0.alu.DW_div_w_0.DWF_div_uns: Division by zero
WARNING: tb_mesh_row.uut.cpu_3_0.alu.DW_div_w_0.DWF_mod_uns: Division by zero
WARNING: tb_mesh_row.uut.cpu_3_0.alu.DW_div_h_1.DWF_div_uns: Division by zero
WARNING: tb_mesh_row.uut.cpu_3_0.alu.DW_div_h_1.DWF_mod_uns: Division by zero
WARNING: tb_mesh_row.uut.cpu_3_0.alu.DW_div_b_3.DWF_div_uns: Division by zero
WARNING: tb_mesh_row.uut.cpu_3_0.alu.DW_div_b_3.DWF_mod_uns: Division by zero
WARNING: tb_mesh_row.uut.cpu_3_0.alu.DW_div_b_2.DWF_div_uns: Division by zero
WARNING: tb_mesh_row.uut.cpu_3_0.alu.DW_div_b_2.DWF_mod_uns: Division by zero
WARNING: tb_mesh_row.uut.cpu_3_0.alu.DW_div_h_0.DWF_div_uns: Division by zero
WARNING: tb_mesh_row.uut.cpu_3_0.alu.DW_div_h_0.DWF_mod_uns: Division by zero
WARNING: tb_mesh_row.uut.cpu_3_0.alu.DW_div_b_1.DWF_div_uns: Division by zero
WARNING: tb_mesh_row.uut.cpu_3_0.alu.DW_div_b_1.DWF_mod_uns: Division by zero
WARNING: tb_mesh_row.uut.cpu_3_0.alu.DW_div_b_0.DWF_div_uns: Division by zero
WARNING: tb_mesh_row.uut.cpu_3_0.alu.DW_div_b_0.DWF_mod_uns: Division by zero
WARNING: tb_mesh_row.uut.cpu_0_0.alu.DW_div_d_0.DWF_div_uns: Division by zero
WARNING: tb_mesh_row.uut.cpu_0_0.alu.DW_div_d_0.DWF_mod_uns: Division by zero
WARNING: tb_mesh_row.uut.cpu_0_0.alu.DW_div_w_1.DWF_div_uns: Division by zero
WARNING: tb_mesh_row.uut.cpu_0_0.alu.DW_div_w_1.DWF_mod_uns: Division by zero
WARNING: tb_mesh_row.uut.cpu_0_0.alu.DW_div_h_3.DWF_div_uns: Division by zero
WARNING: tb_mesh_row.uut.cpu_0_0.alu.DW_div_h_3.DWF_mod_uns: Division by zero
WARNING: tb_mesh_row.uut.cpu_0_0.alu.DW_div_b_7.DWF_div_uns: Division by zero
WARNING: tb_mesh_row.uut.cpu_0_0.alu.DW_div_b_7.DWF_mod_uns: Division by zero
WARNING: tb_mesh_row.uut.cpu_0_0.alu.DW_div_b_6.DWF_div_uns: Division by zero
WARNING: tb_mesh_row.uut.cpu_0_0.alu.DW_div_b_6.DWF_mod_uns: Division by zero
WARNING: tb_mesh_row.uut.cpu_0_0.alu.DW_div_h_2.DWF_div_uns: Division by zero
WARNING: tb_mesh_row.uut.cpu_0_0.alu.DW_div_h_2.DWF_mod_uns: Division by zero
WARNING: tb_mesh_row.uut.cpu_0_0.alu.DW_div_b_5.DWF_div_uns: Division by zero
WARNING: tb_mesh_row.uut.cpu_0_0.alu.DW_div_b_5.DWF_mod_uns: Division by zero
WARNING: tb_mesh_row.uut.cpu_0_0.alu.DW_div_b_4.DWF_div_uns: Division by zero
WARNING: tb_mesh_row.uut.cpu_0_0.alu.DW_div_b_4.DWF_mod_uns: Division by zero
WARNING: tb_mesh_row.uut.cpu_0_0.alu.DW_div_w_0.DWF_div_uns: Division by zero
WARNING: tb_mesh_row.uut.cpu_0_0.alu.DW_div_w_0.DWF_mod_uns: Division by zero
WARNING: tb_mesh_row.uut.cpu_0_0.alu.DW_div_h_1.DWF_div_uns: Division by zero
WARNING: tb_mesh_row.uut.cpu_0_0.alu.DW_div_h_1.DWF_mod_uns: Division by zero
WARNING: tb_mesh_row.uut.cpu_0_0.alu.DW_div_b_3.DWF_div_uns: Division by zero
WARNING: tb_mesh_row.uut.cpu_0_0.alu.DW_div_b_3.DWF_mod_uns: Division by zero
WARNING: tb_mesh_row.uut.cpu_0_0.alu.DW_div_h_0.DWF_div_uns: Division by zero
WARNING: tb_mesh_row.uut.cpu_0_0.alu.DW_div_h_0.DWF_mod_uns: Division by zero
WARNING: tb_mesh_row.uut.cpu_0_0.alu.DW_div_b_1.DWF_div_uns: Division by zero
WARNING: tb_mesh_row.uut.cpu_0_0.alu.DW_div_b_1.DWF_mod_uns: Division by zero
WARNING: tb_mesh_row.uut.cpu_0_0.alu.DW_div_b_0.DWF_div_uns: Division by zero
WARNING: tb_mesh_row.uut.cpu_0_0.alu.DW_div_b_0.DWF_mod_uns: Division by zero
WARNING: tb_mesh_row.uut.cpu_0_0.alu.DW_div_d_0.DWF_div_uns: Division by zero
WARNING: tb_mesh_row.uut.cpu_0_0.alu.DW_div_d_0.DWF_mod_uns: Division by zero
WARNING: tb_mesh_row.uut.cpu_0_0.alu.DW_div_w_1.DWF_div_uns: Division by zero
WARNING: tb_mesh_row.uut.cpu_0_0.alu.DW_div_w_1.DWF_mod_uns: Division by zero
WARNING: tb_mesh_row.uut.cpu_0_0.alu.DW_div_h_3.DWF_div_uns: Division by zero
WARNING: tb_mesh_row.uut.cpu_0_0.alu.DW_div_h_3.DWF_mod_uns: Division by zero
WARNING: tb_mesh_row.uut.cpu_0_0.alu.DW_div_b_7.DWF_div_uns: Division by zero
WARNING: tb_mesh_row.uut.cpu_0_0.alu.DW_div_b_7.DWF_mod_uns: Division by zero
WARNING: tb_mesh_row.uut.cpu_0_0.alu.DW_div_d_0.DWF_div_uns: Division by zero
WARNING: tb_mesh_row.uut.cpu_0_0.alu.DW_div_d_0.DWF_mod_uns: Division by zero
WARNING: tb_mesh_row.uut.cpu_0_0.alu.DW_div_w_1.DWF_div_uns: Division by zero
WARNING: tb_mesh_row.uut.cpu_0_0.alu.DW_div_w_1.DWF_mod_uns: Division by zero
WARNING: tb_mesh_row.uut.cpu_0_0.alu.DW_div_h_3.DWF_div_uns: Division by zero
WARNING: tb_mesh_row.uut.cpu_0_0.alu.DW_div_h_3.DWF_mod_uns: Division by zero
WARNING: tb_mesh_row.uut.cpu_0_0.alu.DW_div_b_7.DWF_div_uns: Division by zero
WARNING: tb_mesh_row.uut.cpu_0_0.alu.DW_div_b_7.DWF_mod_uns: Division by zero
blah 1
Phase=0, Time=78000, Destination=00000000, Source=0000000000000000, Packet Value=0000000000000000
WARNING: tb_mesh_row.uut.cpu_0_0.alu.DW_div_d_0.DWF_div_uns: Division by zero
WARNING: tb_mesh_row.uut.cpu_0_0.alu.DW_div_d_0.DWF_mod_uns: Division by zero
WARNING: tb_mesh_row.uut.cpu_0_0.alu.DW_div_w_1.DWF_div_uns: Division by zero
WARNING: tb_mesh_row.uut.cpu_0_0.alu.DW_div_w_1.DWF_mod_uns: Division by zero
WARNING: tb_mesh_row.uut.cpu_0_0.alu.DW_div_h_3.DWF_div_uns: Division by zero
WARNING: tb_mesh_row.uut.cpu_0_0.alu.DW_div_h_3.DWF_mod_uns: Division by zero
WARNING: tb_mesh_row.uut.cpu_0_0.alu.DW_div_b_7.DWF_div_uns: Division by zero
WARNING: tb_mesh_row.uut.cpu_0_0.alu.DW_div_b_7.DWF_mod_uns: Division by zero
WARNING: tb_mesh_row.uut.cpu_1_0.alu.DW_div_d_0.DWF_div_uns: Division by zero
WARNING: tb_mesh_row.uut.cpu_1_0.alu.DW_div_d_0.DWF_mod_uns: Division by zero
WARNING: tb_mesh_row.uut.cpu_1_0.alu.DW_div_w_1.DWF_div_uns: Division by zero
WARNING: tb_mesh_row.uut.cpu_1_0.alu.DW_div_w_1.DWF_mod_uns: Division by zero
WARNING: tb_mesh_row.uut.cpu_1_0.alu.DW_div_h_3.DWF_div_uns: Division by zero
WARNING: tb_mesh_row.uut.cpu_1_0.alu.DW_div_h_3.DWF_mod_uns: Division by zero
WARNING: tb_mesh_row.uut.cpu_1_0.alu.DW_div_b_7.DWF_div_uns: Division by zero
WARNING: tb_mesh_row.uut.cpu_1_0.alu.DW_div_b_7.DWF_mod_uns: Division by zero
WARNING: tb_mesh_row.uut.cpu_0_0.alu.DW_div_d_0.DWF_div_uns: Division by zero
WARNING: tb_mesh_row.uut.cpu_0_0.alu.DW_div_d_0.DWF_mod_uns: Division by zero
WARNING: tb_mesh_row.uut.cpu_1_0.alu.DW_div_d_0.DWF_div_uns: Division by zero
WARNING: tb_mesh_row.uut.cpu_1_0.alu.DW_div_d_0.DWF_mod_uns: Division by zero
WARNING: tb_mesh_row.uut.cpu_0_0.alu.DW_div_w_1.DWF_div_uns: Division by zero
WARNING: tb_mesh_row.uut.cpu_0_0.alu.DW_div_w_1.DWF_mod_uns: Division by zero
WARNING: tb_mesh_row.uut.cpu_0_0.alu.DW_div_h_3.DWF_div_uns: Division by zero
WARNING: tb_mesh_row.uut.cpu_0_0.alu.DW_div_h_3.DWF_mod_uns: Division by zero
WARNING: tb_mesh_row.uut.cpu_0_0.alu.DW_div_b_7.DWF_div_uns: Division by zero
WARNING: tb_mesh_row.uut.cpu_0_0.alu.DW_div_b_7.DWF_mod_uns: Division by zero
WARNING: tb_mesh_row.uut.cpu_0_0.alu.DW_div_b_6.DWF_div_uns: Division by zero
WARNING: tb_mesh_row.uut.cpu_0_0.alu.DW_div_b_6.DWF_mod_uns: Division by zero
WARNING: tb_mesh_row.uut.cpu_0_0.alu.DW_div_h_2.DWF_div_uns: Division by zero
WARNING: tb_mesh_row.uut.cpu_0_0.alu.DW_div_h_2.DWF_mod_uns: Division by zero
WARNING: tb_mesh_row.uut.cpu_0_0.alu.DW_div_b_5.DWF_div_uns: Division by zero
WARNING: tb_mesh_row.uut.cpu_0_0.alu.DW_div_b_5.DWF_mod_uns: Division by zero
WARNING: tb_mesh_row.uut.cpu_0_0.alu.DW_div_b_4.DWF_div_uns: Division by zero
WARNING: tb_mesh_row.uut.cpu_0_0.alu.DW_div_b_4.DWF_mod_uns: Division by zero
WARNING: tb_mesh_row.uut.cpu_0_0.alu.DW_div_w_0.DWF_div_uns: Division by zero
WARNING: tb_mesh_row.uut.cpu_0_0.alu.DW_div_w_0.DWF_mod_uns: Division by zero
WARNING: tb_mesh_row.uut.cpu_0_0.alu.DW_div_h_1.DWF_div_uns: Division by zero
WARNING: tb_mesh_row.uut.cpu_0_0.alu.DW_div_h_1.DWF_mod_uns: Division by zero
WARNING: tb_mesh_row.uut.cpu_0_0.alu.DW_div_b_3.DWF_div_uns: Division by zero
WARNING: tb_mesh_row.uut.cpu_0_0.alu.DW_div_b_3.DWF_mod_uns: Division by zero
WARNING: tb_mesh_row.uut.cpu_0_0.alu.DW_div_h_0.DWF_div_uns: Division by zero
WARNING: tb_mesh_row.uut.cpu_0_0.alu.DW_div_h_0.DWF_mod_uns: Division by zero
WARNING: tb_mesh_row.uut.cpu_0_0.alu.DW_div_b_1.DWF_div_uns: Division by zero
WARNING: tb_mesh_row.uut.cpu_0_0.alu.DW_div_b_1.DWF_mod_uns: Division by zero
WARNING: tb_mesh_row.uut.cpu_0_0.alu.DW_div_b_0.DWF_div_uns: Division by zero
WARNING: tb_mesh_row.uut.cpu_0_0.alu.DW_div_b_0.DWF_mod_uns: Division by zero
WARNING: tb_mesh_row.uut.cpu_1_0.alu.DW_div_w_1.DWF_div_uns: Division by zero
WARNING: tb_mesh_row.uut.cpu_1_0.alu.DW_div_w_1.DWF_mod_uns: Division by zero
WARNING: tb_mesh_row.uut.cpu_1_0.alu.DW_div_h_3.DWF_div_uns: Division by zero
WARNING: tb_mesh_row.uut.cpu_1_0.alu.DW_div_h_3.DWF_mod_uns: Division by zero
WARNING: tb_mesh_row.uut.cpu_1_0.alu.DW_div_b_7.DWF_div_uns: Division by zero
WARNING: tb_mesh_row.uut.cpu_1_0.alu.DW_div_b_7.DWF_mod_uns: Division by zero
WARNING: tb_mesh_row.uut.cpu_0_0.alu.DW_div_d_0.DWF_div_uns: Division by zero
WARNING: tb_mesh_row.uut.cpu_0_0.alu.DW_div_d_0.DWF_mod_uns: Division by zero
WARNING: tb_mesh_row.uut.cpu_1_0.alu.DW_div_d_0.DWF_div_uns: Division by zero
WARNING: tb_mesh_row.uut.cpu_1_0.alu.DW_div_d_0.DWF_mod_uns: Division by zero
WARNING: tb_mesh_row.uut.cpu_0_0.alu.DW_div_w_1.DWF_div_uns: Division by zero
WARNING: tb_mesh_row.uut.cpu_0_0.alu.DW_div_w_1.DWF_mod_uns: Division by zero
WARNING: tb_mesh_row.uut.cpu_0_0.alu.DW_div_h_3.DWF_div_uns: Division by zero
WARNING: tb_mesh_row.uut.cpu_0_0.alu.DW_div_h_3.DWF_mod_uns: Division by zero
WARNING: tb_mesh_row.uut.cpu_0_0.alu.DW_div_b_7.DWF_div_uns: Division by zero
WARNING: tb_mesh_row.uut.cpu_0_0.alu.DW_div_b_7.DWF_mod_uns: Division by zero
WARNING: tb_mesh_row.uut.cpu_1_0.alu.DW_div_w_1.DWF_div_uns: Division by zero
WARNING: tb_mesh_row.uut.cpu_1_0.alu.DW_div_w_1.DWF_mod_uns: Division by zero
WARNING: tb_mesh_row.uut.cpu_1_0.alu.DW_div_h_3.DWF_div_uns: Division by zero
WARNING: tb_mesh_row.uut.cpu_1_0.alu.DW_div_h_3.DWF_mod_uns: Division by zero
WARNING: tb_mesh_row.uut.cpu_1_0.alu.DW_div_b_7.DWF_div_uns: Division by zero
WARNING: tb_mesh_row.uut.cpu_1_0.alu.DW_div_b_7.DWF_mod_uns: Division by zero
WARNING: tb_mesh_row.uut.cpu_1_0.alu.DW_div_b_6.DWF_div_uns: Division by zero
WARNING: tb_mesh_row.uut.cpu_1_0.alu.DW_div_b_6.DWF_mod_uns: Division by zero
WARNING: tb_mesh_row.uut.cpu_1_0.alu.DW_div_h_2.DWF_div_uns: Division by zero
WARNING: tb_mesh_row.uut.cpu_1_0.alu.DW_div_h_2.DWF_mod_uns: Division by zero
WARNING: tb_mesh_row.uut.cpu_1_0.alu.DW_div_b_5.DWF_div_uns: Division by zero
WARNING: tb_mesh_row.uut.cpu_1_0.alu.DW_div_b_5.DWF_mod_uns: Division by zero
WARNING: tb_mesh_row.uut.cpu_1_0.alu.DW_div_b_4.DWF_div_uns: Division by zero
WARNING: tb_mesh_row.uut.cpu_1_0.alu.DW_div_b_4.DWF_mod_uns: Division by zero
WARNING: tb_mesh_row.uut.cpu_1_0.alu.DW_div_w_0.DWF_div_uns: Division by zero
WARNING: tb_mesh_row.uut.cpu_1_0.alu.DW_div_w_0.DWF_mod_uns: Division by zero
WARNING: tb_mesh_row.uut.cpu_1_0.alu.DW_div_h_1.DWF_div_uns: Division by zero
WARNING: tb_mesh_row.uut.cpu_1_0.alu.DW_div_h_1.DWF_mod_uns: Division by zero
WARNING: tb_mesh_row.uut.cpu_1_0.alu.DW_div_b_3.DWF_div_uns: Division by zero
WARNING: tb_mesh_row.uut.cpu_1_0.alu.DW_div_b_3.DWF_mod_uns: Division by zero
WARNING: tb_mesh_row.uut.cpu_1_0.alu.DW_div_h_0.DWF_div_uns: Division by zero
WARNING: tb_mesh_row.uut.cpu_1_0.alu.DW_div_h_0.DWF_mod_uns: Division by zero
WARNING: tb_mesh_row.uut.cpu_1_0.alu.DW_div_b_0.DWF_div_uns: Division by zero
WARNING: tb_mesh_row.uut.cpu_1_0.alu.DW_div_b_0.DWF_mod_uns: Division by zero
blah 1
Phase=0, Time=102000, Destination=00000000, Source=0000000000000000, Packet Value=0000000000000000
WARNING: tb_mesh_row.uut.cpu_0_0.alu.DW_div_d_0.DWF_div_uns: Division by zero
WARNING: tb_mesh_row.uut.cpu_0_0.alu.DW_div_d_0.DWF_mod_uns: Division by zero
WARNING: tb_mesh_row.uut.cpu_1_0.alu.DW_div_d_0.DWF_div_uns: Division by zero
WARNING: tb_mesh_row.uut.cpu_1_0.alu.DW_div_d_0.DWF_mod_uns: Division by zero
WARNING: tb_mesh_row.uut.cpu_0_0.alu.DW_div_w_1.DWF_div_uns: Division by zero
WARNING: tb_mesh_row.uut.cpu_0_0.alu.DW_div_w_1.DWF_mod_uns: Division by zero
WARNING: tb_mesh_row.uut.cpu_0_0.alu.DW_div_h_3.DWF_div_uns: Division by zero
WARNING: tb_mesh_row.uut.cpu_0_0.alu.DW_div_h_3.DWF_mod_uns: Division by zero
WARNING: tb_mesh_row.uut.cpu_0_0.alu.DW_div_b_7.DWF_div_uns: Division by zero
WARNING: tb_mesh_row.uut.cpu_0_0.alu.DW_div_b_7.DWF_mod_uns: Division by zero
WARNING: tb_mesh_row.uut.cpu_1_0.alu.DW_div_w_1.DWF_div_uns: Division by zero
WARNING: tb_mesh_row.uut.cpu_1_0.alu.DW_div_w_1.DWF_mod_uns: Division by zero
WARNING: tb_mesh_row.uut.cpu_1_0.alu.DW_div_h_3.DWF_div_uns: Division by zero
WARNING: tb_mesh_row.uut.cpu_1_0.alu.DW_div_h_3.DWF_mod_uns: Division by zero
WARNING: tb_mesh_row.uut.cpu_1_0.alu.DW_div_b_7.DWF_div_uns: Division by zero
WARNING: tb_mesh_row.uut.cpu_1_0.alu.DW_div_b_7.DWF_mod_uns: Division by zero
WARNING: tb_mesh_row.uut.cpu_1_0.alu.DW_div_b_6.DWF_div_uns: Division by zero
WARNING: tb_mesh_row.uut.cpu_1_0.alu.DW_div_b_6.DWF_mod_uns: Division by zero
WARNING: tb_mesh_row.uut.cpu_1_0.alu.DW_div_h_2.DWF_div_uns: Division by zero
WARNING: tb_mesh_row.uut.cpu_1_0.alu.DW_div_h_2.DWF_mod_uns: Division by zero
WARNING: tb_mesh_row.uut.cpu_1_0.alu.DW_div_b_5.DWF_div_uns: Division by zero
WARNING: tb_mesh_row.uut.cpu_1_0.alu.DW_div_b_5.DWF_mod_uns: Division by zero
WARNING: tb_mesh_row.uut.cpu_1_0.alu.DW_div_b_4.DWF_div_uns: Division by zero
WARNING: tb_mesh_row.uut.cpu_1_0.alu.DW_div_b_4.DWF_mod_uns: Division by zero
WARNING: tb_mesh_row.uut.cpu_1_0.alu.DW_div_w_0.DWF_div_uns: Division by zero
WARNING: tb_mesh_row.uut.cpu_1_0.alu.DW_div_w_0.DWF_mod_uns: Division by zero
WARNING: tb_mesh_row.uut.cpu_1_0.alu.DW_div_h_1.DWF_div_uns: Division by zero
WARNING: tb_mesh_row.uut.cpu_1_0.alu.DW_div_h_1.DWF_mod_uns: Division by zero
WARNING: tb_mesh_row.uut.cpu_1_0.alu.DW_div_b_3.DWF_div_uns: Division by zero
WARNING: tb_mesh_row.uut.cpu_1_0.alu.DW_div_b_3.DWF_mod_uns: Division by zero
WARNING: tb_mesh_row.uut.cpu_1_0.alu.DW_div_h_0.DWF_div_uns: Division by zero
WARNING: tb_mesh_row.uut.cpu_1_0.alu.DW_div_h_0.DWF_mod_uns: Division by zero
WARNING: tb_mesh_row.uut.cpu_1_0.alu.DW_div_b_0.DWF_div_uns: Division by zero
WARNING: tb_mesh_row.uut.cpu_1_0.alu.DW_div_b_0.DWF_mod_uns: Division by zero
WARNING: tb_mesh_row.uut.cpu_0_0.alu.DW_div_d_0.DWF_div_uns: Division by zero
WARNING: tb_mesh_row.uut.cpu_0_0.alu.DW_div_d_0.DWF_mod_uns: Division by zero
WARNING: tb_mesh_row.uut.cpu_0_0.alu.DW_div_w_1.DWF_div_uns: Division by zero
WARNING: tb_mesh_row.uut.cpu_0_0.alu.DW_div_w_1.DWF_mod_uns: Division by zero
WARNING: tb_mesh_row.uut.cpu_0_0.alu.DW_div_h_3.DWF_div_uns: Division by zero
WARNING: tb_mesh_row.uut.cpu_0_0.alu.DW_div_h_3.DWF_mod_uns: Division by zero
WARNING: tb_mesh_row.uut.cpu_0_0.alu.DW_div_b_7.DWF_div_uns: Division by zero
WARNING: tb_mesh_row.uut.cpu_0_0.alu.DW_div_b_7.DWF_mod_uns: Division by zero
The program completed in          24 cycles
blah 1
Phase=0, Time=118000, Destination=00000000, Source=0000000000000000, Packet Value=0000000000000000
WARNING: tb_mesh_row.uut.cpu_0_0.alu.DW_div_d_0.DWF_div_uns: Division by zero
WARNING: tb_mesh_row.uut.cpu_0_0.alu.DW_div_d_0.DWF_mod_uns: Division by zero
WARNING: tb_mesh_row.uut.cpu_0_0.alu.DW_div_w_1.DWF_div_uns: Division by zero
WARNING: tb_mesh_row.uut.cpu_0_0.alu.DW_div_w_1.DWF_mod_uns: Division by zero
WARNING: tb_mesh_row.uut.cpu_0_0.alu.DW_div_h_3.DWF_div_uns: Division by zero
WARNING: tb_mesh_row.uut.cpu_0_0.alu.DW_div_h_3.DWF_mod_uns: Division by zero
WARNING: tb_mesh_row.uut.cpu_0_0.alu.DW_div_b_7.DWF_div_uns: Division by zero
WARNING: tb_mesh_row.uut.cpu_0_0.alu.DW_div_b_7.DWF_mod_uns: Division by zero
WARNING: tb_mesh_row.uut.cpu_0_0.alu.DW_div_b_6.DWF_div_uns: Division by zero
WARNING: tb_mesh_row.uut.cpu_0_0.alu.DW_div_b_6.DWF_mod_uns: Division by zero
WARNING: tb_mesh_row.uut.cpu_0_0.alu.DW_div_h_2.DWF_div_uns: Division by zero
WARNING: tb_mesh_row.uut.cpu_0_0.alu.DW_div_h_2.DWF_mod_uns: Division by zero
WARNING: tb_mesh_row.uut.cpu_0_0.alu.DW_div_b_5.DWF_div_uns: Division by zero
WARNING: tb_mesh_row.uut.cpu_0_0.alu.DW_div_b_5.DWF_mod_uns: Division by zero
WARNING: tb_mesh_row.uut.cpu_0_0.alu.DW_div_b_4.DWF_div_uns: Division by zero
WARNING: tb_mesh_row.uut.cpu_0_0.alu.DW_div_b_4.DWF_mod_uns: Division by zero
WARNING: tb_mesh_row.uut.cpu_0_0.alu.DW_div_w_0.DWF_div_uns: Division by zero
WARNING: tb_mesh_row.uut.cpu_0_0.alu.DW_div_w_0.DWF_mod_uns: Division by zero
WARNING: tb_mesh_row.uut.cpu_0_0.alu.DW_div_h_1.DWF_div_uns: Division by zero
WARNING: tb_mesh_row.uut.cpu_0_0.alu.DW_div_h_1.DWF_mod_uns: Division by zero
WARNING: tb_mesh_row.uut.cpu_0_0.alu.DW_div_b_3.DWF_div_uns: Division by zero
WARNING: tb_mesh_row.uut.cpu_0_0.alu.DW_div_b_3.DWF_mod_uns: Division by zero
WARNING: tb_mesh_row.uut.cpu_0_0.alu.DW_div_h_0.DWF_div_uns: Division by zero
WARNING: tb_mesh_row.uut.cpu_0_0.alu.DW_div_h_0.DWF_mod_uns: Division by zero
WARNING: tb_mesh_row.uut.cpu_0_0.alu.DW_div_b_1.DWF_div_uns: Division by zero
WARNING: tb_mesh_row.uut.cpu_0_0.alu.DW_div_b_1.DWF_mod_uns: Division by zero
WARNING: tb_mesh_row.uut.cpu_0_0.alu.DW_div_b_0.DWF_div_uns: Division by zero
WARNING: tb_mesh_row.uut.cpu_0_0.alu.DW_div_b_0.DWF_mod_uns: Division by zero
WARNING: tb_mesh_row.uut.cpu_2_0.alu.DW_div_d_0.DWF_div_uns: Division by zero
WARNING: tb_mesh_row.uut.cpu_2_0.alu.DW_div_d_0.DWF_mod_uns: Division by zero
WARNING: tb_mesh_row.uut.cpu_2_0.alu.DW_div_w_1.DWF_div_uns: Division by zero
WARNING: tb_mesh_row.uut.cpu_2_0.alu.DW_div_w_1.DWF_mod_uns: Division by zero
WARNING: tb_mesh_row.uut.cpu_2_0.alu.DW_div_h_3.DWF_div_uns: Division by zero
WARNING: tb_mesh_row.uut.cpu_2_0.alu.DW_div_h_3.DWF_mod_uns: Division by zero
WARNING: tb_mesh_row.uut.cpu_2_0.alu.DW_div_b_7.DWF_div_uns: Division by zero
WARNING: tb_mesh_row.uut.cpu_2_0.alu.DW_div_b_7.DWF_mod_uns: Division by zero
WARNING: tb_mesh_row.uut.cpu_2_0.alu.DW_div_d_0.DWF_div_uns: Division by zero
WARNING: tb_mesh_row.uut.cpu_2_0.alu.DW_div_d_0.DWF_mod_uns: Division by zero
WARNING: tb_mesh_row.uut.cpu_2_0.alu.DW_div_w_1.DWF_div_uns: Division by zero
WARNING: tb_mesh_row.uut.cpu_2_0.alu.DW_div_w_1.DWF_mod_uns: Division by zero
WARNING: tb_mesh_row.uut.cpu_2_0.alu.DW_div_h_3.DWF_div_uns: Division by zero
WARNING: tb_mesh_row.uut.cpu_2_0.alu.DW_div_h_3.DWF_mod_uns: Division by zero
WARNING: tb_mesh_row.uut.cpu_2_0.alu.DW_div_b_7.DWF_div_uns: Division by zero
WARNING: tb_mesh_row.uut.cpu_2_0.alu.DW_div_b_7.DWF_mod_uns: Division by zero
WARNING: tb_mesh_row.uut.cpu_2_0.alu.DW_div_d_0.DWF_div_uns: Division by zero
WARNING: tb_mesh_row.uut.cpu_2_0.alu.DW_div_d_0.DWF_mod_uns: Division by zero
WARNING: tb_mesh_row.uut.cpu_2_0.alu.DW_div_w_1.DWF_div_uns: Division by zero
WARNING: tb_mesh_row.uut.cpu_2_0.alu.DW_div_w_1.DWF_mod_uns: Division by zero
WARNING: tb_mesh_row.uut.cpu_2_0.alu.DW_div_h_3.DWF_div_uns: Division by zero
WARNING: tb_mesh_row.uut.cpu_2_0.alu.DW_div_h_3.DWF_mod_uns: Division by zero
WARNING: tb_mesh_row.uut.cpu_2_0.alu.DW_div_b_7.DWF_div_uns: Division by zero
WARNING: tb_mesh_row.uut.cpu_2_0.alu.DW_div_b_7.DWF_mod_uns: Division by zero
WARNING: tb_mesh_row.uut.cpu_2_0.alu.DW_div_b_6.DWF_div_uns: Division by zero
WARNING: tb_mesh_row.uut.cpu_2_0.alu.DW_div_b_6.DWF_mod_uns: Division by zero
WARNING: tb_mesh_row.uut.cpu_2_0.alu.DW_div_h_2.DWF_div_uns: Division by zero
WARNING: tb_mesh_row.uut.cpu_2_0.alu.DW_div_h_2.DWF_mod_uns: Division by zero
WARNING: tb_mesh_row.uut.cpu_2_0.alu.DW_div_b_5.DWF_div_uns: Division by zero
WARNING: tb_mesh_row.uut.cpu_2_0.alu.DW_div_b_5.DWF_mod_uns: Division by zero
WARNING: tb_mesh_row.uut.cpu_2_0.alu.DW_div_b_4.DWF_div_uns: Division by zero
WARNING: tb_mesh_row.uut.cpu_2_0.alu.DW_div_b_4.DWF_mod_uns: Division by zero
WARNING: tb_mesh_row.uut.cpu_2_0.alu.DW_div_w_0.DWF_div_uns: Division by zero
WARNING: tb_mesh_row.uut.cpu_2_0.alu.DW_div_w_0.DWF_mod_uns: Division by zero
WARNING: tb_mesh_row.uut.cpu_2_0.alu.DW_div_h_1.DWF_div_uns: Division by zero
WARNING: tb_mesh_row.uut.cpu_2_0.alu.DW_div_h_1.DWF_mod_uns: Division by zero
WARNING: tb_mesh_row.uut.cpu_2_0.alu.DW_div_b_3.DWF_div_uns: Division by zero
WARNING: tb_mesh_row.uut.cpu_2_0.alu.DW_div_b_3.DWF_mod_uns: Division by zero
WARNING: tb_mesh_row.uut.cpu_2_0.alu.DW_div_h_0.DWF_div_uns: Division by zero
WARNING: tb_mesh_row.uut.cpu_2_0.alu.DW_div_h_0.DWF_mod_uns: Division by zero
WARNING: tb_mesh_row.uut.cpu_2_0.alu.DW_div_b_0.DWF_div_uns: Division by zero
WARNING: tb_mesh_row.uut.cpu_2_0.alu.DW_div_b_0.DWF_mod_uns: Division by zero
blah 1
Phase=0, Time=150000, Destination=00000000, Source=0000000000000000, Packet Value=0000000000000000
WARNING: tb_mesh_row.uut.cpu_2_0.alu.DW_div_d_0.DWF_div_uns: Division by zero
WARNING: tb_mesh_row.uut.cpu_2_0.alu.DW_div_d_0.DWF_mod_uns: Division by zero
WARNING: tb_mesh_row.uut.cpu_2_0.alu.DW_div_w_1.DWF_div_uns: Division by zero
WARNING: tb_mesh_row.uut.cpu_2_0.alu.DW_div_w_1.DWF_mod_uns: Division by zero
WARNING: tb_mesh_row.uut.cpu_2_0.alu.DW_div_h_3.DWF_div_uns: Division by zero
WARNING: tb_mesh_row.uut.cpu_2_0.alu.DW_div_h_3.DWF_mod_uns: Division by zero
WARNING: tb_mesh_row.uut.cpu_2_0.alu.DW_div_b_7.DWF_div_uns: Division by zero
WARNING: tb_mesh_row.uut.cpu_2_0.alu.DW_div_b_7.DWF_mod_uns: Division by zero
WARNING: tb_mesh_row.uut.cpu_2_0.alu.DW_div_b_6.DWF_div_uns: Division by zero
WARNING: tb_mesh_row.uut.cpu_2_0.alu.DW_div_b_6.DWF_mod_uns: Division by zero
WARNING: tb_mesh_row.uut.cpu_2_0.alu.DW_div_h_2.DWF_div_uns: Division by zero
WARNING: tb_mesh_row.uut.cpu_2_0.alu.DW_div_h_2.DWF_mod_uns: Division by zero
WARNING: tb_mesh_row.uut.cpu_2_0.alu.DW_div_b_5.DWF_div_uns: Division by zero
WARNING: tb_mesh_row.uut.cpu_2_0.alu.DW_div_b_5.DWF_mod_uns: Division by zero
WARNING: tb_mesh_row.uut.cpu_2_0.alu.DW_div_b_4.DWF_div_uns: Division by zero
WARNING: tb_mesh_row.uut.cpu_2_0.alu.DW_div_b_4.DWF_mod_uns: Division by zero
WARNING: tb_mesh_row.uut.cpu_2_0.alu.DW_div_w_0.DWF_div_uns: Division by zero
WARNING: tb_mesh_row.uut.cpu_2_0.alu.DW_div_w_0.DWF_mod_uns: Division by zero
WARNING: tb_mesh_row.uut.cpu_2_0.alu.DW_div_h_1.DWF_div_uns: Division by zero
WARNING: tb_mesh_row.uut.cpu_2_0.alu.DW_div_h_1.DWF_mod_uns: Division by zero
WARNING: tb_mesh_row.uut.cpu_2_0.alu.DW_div_b_3.DWF_div_uns: Division by zero
WARNING: tb_mesh_row.uut.cpu_2_0.alu.DW_div_b_3.DWF_mod_uns: Division by zero
WARNING: tb_mesh_row.uut.cpu_2_0.alu.DW_div_h_0.DWF_div_uns: Division by zero
WARNING: tb_mesh_row.uut.cpu_2_0.alu.DW_div_h_0.DWF_mod_uns: Division by zero
WARNING: tb_mesh_row.uut.cpu_2_0.alu.DW_div_b_0.DWF_div_uns: Division by zero
WARNING: tb_mesh_row.uut.cpu_2_0.alu.DW_div_b_0.DWF_mod_uns: Division by zero
blah 1
Phase=0, Time=158000, Destination=00000000, Source=0000000000000000, Packet Value=0000000000000000
WARNING: tb_mesh_row.uut.cpu_3_0.alu.DW_div_d_0.DWF_div_uns: Division by zero
WARNING: tb_mesh_row.uut.cpu_3_0.alu.DW_div_d_0.DWF_mod_uns: Division by zero
WARNING: tb_mesh_row.uut.cpu_3_0.alu.DW_div_w_1.DWF_div_uns: Division by zero
WARNING: tb_mesh_row.uut.cpu_3_0.alu.DW_div_w_1.DWF_mod_uns: Division by zero
WARNING: tb_mesh_row.uut.cpu_3_0.alu.DW_div_h_3.DWF_div_uns: Division by zero
WARNING: tb_mesh_row.uut.cpu_3_0.alu.DW_div_h_3.DWF_mod_uns: Division by zero
WARNING: tb_mesh_row.uut.cpu_3_0.alu.DW_div_b_7.DWF_div_uns: Division by zero
WARNING: tb_mesh_row.uut.cpu_3_0.alu.DW_div_b_7.DWF_mod_uns: Division by zero
WARNING: tb_mesh_row.uut.cpu_3_0.alu.DW_div_d_0.DWF_div_uns: Division by zero
WARNING: tb_mesh_row.uut.cpu_3_0.alu.DW_div_d_0.DWF_mod_uns: Division by zero
WARNING: tb_mesh_row.uut.cpu_3_0.alu.DW_div_w_1.DWF_div_uns: Division by zero
WARNING: tb_mesh_row.uut.cpu_3_0.alu.DW_div_w_1.DWF_mod_uns: Division by zero
WARNING: tb_mesh_row.uut.cpu_3_0.alu.DW_div_h_3.DWF_div_uns: Division by zero
WARNING: tb_mesh_row.uut.cpu_3_0.alu.DW_div_h_3.DWF_mod_uns: Division by zero
WARNING: tb_mesh_row.uut.cpu_3_0.alu.DW_div_b_7.DWF_div_uns: Division by zero
WARNING: tb_mesh_row.uut.cpu_3_0.alu.DW_div_b_7.DWF_mod_uns: Division by zero
WARNING: tb_mesh_row.uut.cpu_3_0.alu.DW_div_d_0.DWF_div_uns: Division by zero
WARNING: tb_mesh_row.uut.cpu_3_0.alu.DW_div_d_0.DWF_mod_uns: Division by zero
WARNING: tb_mesh_row.uut.cpu_3_0.alu.DW_div_w_1.DWF_div_uns: Division by zero
WARNING: tb_mesh_row.uut.cpu_3_0.alu.DW_div_w_1.DWF_mod_uns: Division by zero
WARNING: tb_mesh_row.uut.cpu_3_0.alu.DW_div_h_3.DWF_div_uns: Division by zero
WARNING: tb_mesh_row.uut.cpu_3_0.alu.DW_div_h_3.DWF_mod_uns: Division by zero
WARNING: tb_mesh_row.uut.cpu_3_0.alu.DW_div_b_7.DWF_div_uns: Division by zero
WARNING: tb_mesh_row.uut.cpu_3_0.alu.DW_div_b_7.DWF_mod_uns: Division by zero
WARNING: tb_mesh_row.uut.cpu_3_0.alu.DW_div_b_6.DWF_div_uns: Division by zero
WARNING: tb_mesh_row.uut.cpu_3_0.alu.DW_div_b_6.DWF_mod_uns: Division by zero
WARNING: tb_mesh_row.uut.cpu_3_0.alu.DW_div_h_2.DWF_div_uns: Division by zero
WARNING: tb_mesh_row.uut.cpu_3_0.alu.DW_div_h_2.DWF_mod_uns: Division by zero
WARNING: tb_mesh_row.uut.cpu_3_0.alu.DW_div_b_5.DWF_div_uns: Division by zero
WARNING: tb_mesh_row.uut.cpu_3_0.alu.DW_div_b_5.DWF_mod_uns: Division by zero
WARNING: tb_mesh_row.uut.cpu_3_0.alu.DW_div_b_4.DWF_div_uns: Division by zero
WAR